2026-06-30 09:24:21  v8 router | regime BULL | VIX 18.0 | exposure 0.97 x volscale 0.52 x lev 2 = gross 1.01
2026-06-30 09:24:21    expert weights: dip=0.31 trend=0.15 def=0.00 crash=0.00 core=0.54
2026-06-30 09:24:21    TARGET book (6 positions): XLK +62%, XLE +8%, XOM +8%, JPM +8%, NVDA +8%, QQQ +8%
2026-06-30 09:24:23  market closed (next 2026-06-30 09:30:00-04:00); no trades.
2026-06-30 14:33:00  v8 router | regime BULL | VIX 18.0 | exposure 0.97 x volscale 0.52 x lev 2 = gross 1.01
2026-06-30 14:33:00    expert weights: dip=0.31 trend=0.15 def=0.00 crash=0.00 core=0.54
2026-06-30 14:33:00    TARGET book (6 positions): XLK +62%, XLE +8%, XOM +8%, KO +8%, JPM +8%, QQQ +7%
2026-06-30 14:33:01  equity $100,309 | current 1 positions
2026-06-30 14:33:01    CLOSE EEM ($16,433)
2026-06-30 14:33:01    BUY KO $7,814 -> target $7,814
2026-06-30 14:33:01    BUY JPM $7,814 -> target $7,814
2026-06-30 14:33:01    BUY XLE $7,814 -> target $7,814
2026-06-30 14:33:01    BUY XOM $7,814 -> target $7,814
2026-06-30 14:33:01    BUY XLK $62,503 -> target $62,503
2026-06-30 14:33:01    BUY QQQ $7,473 -> target $7,473
2026-06-30 14:33:01  done.
2026-06-30 17:07:54  v8 router | regime BULL | VIX 18.0 | exposure 0.97 x volscale 0.52 x lev 2 = gross 1.01
2026-06-30 17:07:54    expert weights: dip=0.31 trend=0.15 def=0.00 crash=0.00 core=0.54
2026-06-30 17:07:54    TARGET book (6 positions): XLK +62%, XLE +8%, XOM +8%, KO +8%, JPM +8%, QQQ +7%
2026-06-30 17:07:56  equity $100,538 | current 6 positions
2026-06-30 17:07:56  done.
2026-07-01 17:19:54  v8 router | regime BULL | VIX 18.0 | exposure 0.97 x volscale 0.52 x lev 2 = gross 1.00
2026-07-01 17:19:54    expert weights: dip=0.31 trend=0.15 def=0.00 crash=0.00 core=0.54
2026-07-01 17:19:54    TARGET book (4 positions): XLK +62%, XLE +16%, KO +16%, QQQ +7%
2026-07-01 17:19:55  equity $99,416 | current 6 positions
2026-07-01 17:19:55    CLOSE JPM ($7,908)
2026-07-01 17:19:56    CLOSE XOM ($7,886)
2026-07-01 17:19:56    BUY XLE $7,802 -> target $15,539
2026-07-01 17:19:56    BUY KO $7,727 -> target $15,539
2026-07-01 17:19:56  done.
2026-07-02 01:24:08  v8 router | regime BULL | VIX 18.0 | exposure 0.97 x volscale 0.52 x lev 2 = gross 1.01
2026-07-02 01:24:08    expert weights: dip=0.31 trend=0.15 def=0.00 crash=0.00 core=0.54
2026-07-02 01:24:08    TARGET book (6 positions): XLK +62%, XLE +8%, KO +8%, JPM +8%, XOM +8%, QQQ +7%
2026-07-02 01:24:08  DRY RUN — no orders placed. (target book above is what it WOULD hold.)
2026-07-02 01:25:43  v8 router | regime BULL | VIX 16.5 | exposure 0.98 x volscale 0.52 x lev 2 = gross 1.02
2026-07-02 01:25:43    expert weights: dip=0.31 trend=0.14 def=0.00 crash=0.00 core=0.55
2026-07-02 01:25:43    TARGET book (6 positions): XLK +63%, XLE +8%, KO +8%, JPM +8%, XOM +8%, QQQ +7%
2026-07-02 01:25:43  DRY RUN — no orders placed. (target book above is what it WOULD hold.)
2026-07-02 01:27:12  v8 router | regime BULL | VIX 16.5 | exposure 0.98 x volscale 0.52 x lev 2 = gross 1.02
2026-07-02 01:27:12    expert weights: dip=0.31 trend=0.14 def=0.00 crash=0.00 core=0.55
2026-07-02 01:27:12    TARGET book (6 positions): XLK +63%, XLE +8%, KO +8%, JPM +8%, XOM +8%, QQQ +7%
2026-07-02 01:27:12  DRY RUN — no orders placed. (target book above is what it WOULD hold.)
2026-07-02 01:50:58  v10 | regime BULL | VIX 16.5 | expo 1.00 x vol 1.00 x lev 2 x overlay 0.40 [volT 0.40] = gross 0.80
2026-07-02 01:50:58    expert weights: dip=0.20 core=0.30 trend2=0.50
2026-07-02 01:50:58    TARGET book (9 positions): XLK +29%, BIL +20%, XLE +16%, SPY +9%, QQQ +7%, EFA +6%, DBC +5%, GLD +5%, EEM +4%
2026-07-02 01:50:58  DRY RUN — no orders placed. (target book above is what it WOULD hold.)
2026-07-02 01:53:34  v10 | regime BULL | VIX 16.5 | expo 1.00 x vol 1.00 x lev 2 x overlay 0.40 [volT 0.40] = gross 0.80
2026-07-02 01:53:34    expert weights: dip=0.20 core=0.30 trend2=0.50
2026-07-02 01:53:34    TARGET book (9 positions): XLK +29%, BIL +20%, XLE +16%, SPY +9%, QQQ +7%, EFA +6%, DBC +5%, GLD +5%, EEM +4%
2026-07-02 01:53:34  DRY RUN — no orders placed. (target book above is what it WOULD hold.)
2026-07-02 02:02:03  v10 | regime BULL | VIX 16.6 | expo 1.00 x vol 1.00 x lev 2 x overlay 0.40 [volT 0.40] = gross 0.80
2026-07-02 02:02:03    expert weights: dip=0.20 core=0.30 trend2=0.50
2026-07-02 02:02:03    TARGET book (9 positions): XLK +28%, BIL +20%, XLE +16%, SPY +9%, EFA +7%, DBC +6%, GLD +5%, QQQ +5%, EEM +4%
2026-07-02 02:02:03  DRY RUN — no orders placed. (target book above is what it WOULD hold.)
2026-07-02 02:13:21  v11 | regime BULL | VIX 16.6 | expo 1.00 x vol 1.00 x lev 2 x overlay 0.42 [volT 0.42] = gross 0.83
2026-07-02 02:13:21    expert weights: dip=0.15 core=0.25 trend2=0.35 tom=0.25
2026-07-02 02:13:21    TARGET book (9 positions): SPY +27%, XLK +24%, BIL +17%, XLE +12%, EFA +5%, DBC +4%, GLD +4%, QQQ +4%, EEM +3%
2026-07-02 02:13:21  DRY RUN — no orders placed. (target book above is what it WOULD hold.)
2026-07-02 00:18:47  v11 | regime BULL | VIX 16.6 | expo 1.00 x vol 1.00 x lev 2 x overlay 0.42 [volT 0.42] = gross 0.83
2026-07-02 00:18:47    expert weights: dip=0.15 core=0.25 trend2=0.35 tom=0.25
2026-07-02 00:18:47    TARGET book (9 positions): SPY +27%, XLK +24%, BIL +17%, XLE +12%, EFA +5%, DBC +4%, GLD +4%, QQQ +4%, EEM +3%
2026-07-02 00:18:48  market closed (next 2026-07-02 09:30:00-04:00); no trades.
2026-07-02 11:00:47  v12 | regime BULL | VIX 16.6 | expo 1.00 x vol 1.00 x lev 2 x overlay 0.40 [volT 0.40] = gross 0.80
2026-07-02 11:00:47    expert weights: core=0.25 trend2=0.50 tom=0.25
2026-07-02 11:00:47    TARGET book (8 positions): SPY +29%, XLK +24%, BIL +20%, EFA +7%, DBC +6%, GLD +5%, QQQ +5%, EEM +4%
2026-07-02 11:00:47  DRY RUN — no orders placed. (target book above is what it WOULD hold.)
2026-07-02 09:01:51  v12 | regime BULL | VIX 16.6 | expo 1.00 x vol 1.00 x lev 2 x overlay 0.40 [volT 0.40] = gross 0.80
2026-07-02 09:01:51    expert weights: core=0.25 trend2=0.50 tom=0.25
2026-07-02 09:01:51    TARGET book (8 positions): SPY +29%, XLK +24%, BIL +20%, EFA +7%, DBC +6%, GLD +5%, QQQ +5%, EEM +4%
2026-07-02 09:01:52  market closed (next 2026-07-02 09:30:00-04:00); no trades.
2026-07-02 16:53:00  v12 | regime BULL | VIX 16.6 | expo 1.00 x vol 1.00 x lev 2 x overlay 0.40 [volT 0.40] = gross 0.80
2026-07-02 16:53:00    expert weights: core=0.25 trend2=0.50 tom=0.25
2026-07-02 16:53:00    TARGET book (8 positions): SPY +29%, XLK +24%, BIL +20%, EFA +7%, DBC +6%, GLD +5%, QQQ +5%, EEM +4%
2026-07-02 16:53:02  equity $98,906 | current 0 core positions
2026-07-02 16:53:02    BUY BIL $19,771 -> target $19,771
2026-07-02 16:53:03    BUY DBC $5,895 -> target $5,895
2026-07-02 16:53:03    BUY EEM $3,739 -> target $3,739
2026-07-02 16:53:03    BUY EFA $6,587 -> target $6,587
2026-07-02 16:53:03    BUY GLD $5,252 -> target $5,252
2026-07-02 16:53:03    BUY QQQ $5,242 -> target $5,242
2026-07-02 16:53:03    BUY SPY $28,732 -> target $28,732
2026-07-02 16:53:03    BUY XLK $23,688 -> target $23,688
2026-07-02 16:53:03  done.
2026-07-03 16:27:59  v12 | regime BULL | VIX 16.1 | expo 1.00 x vol 1.00 x lev 2 x overlay 0.41 [volT 0.41] = gross 0.81
2026-07-03 16:27:59    expert weights: core=0.25 trend2=0.50 tom=0.25
2026-07-03 16:27:59    TARGET book (8 positions): SPY +29%, XLK +24%, BIL +19%, EFA +7%, DBC +6%, GLD +5%, QQQ +5%, EEM +4%
2026-07-03 16:28:00  market closed (next 2026-07-06 09:30:00-04:00); no trades.
2026-07-06 17:46:04  v12 | regime BULL | VIX 16.1 | expo 1.00 x vol 1.00 x lev 2 x overlay 0.41 [volT 0.41] = gross 0.81
2026-07-06 17:46:04    expert weights: core=0.25 trend2=0.50 tom=0.25
2026-07-06 17:46:04    TARGET book (8 positions): SPY +29%, XLK +24%, BIL +19%, EFA +7%, DBC +6%, GLD +5%, QQQ +5%, EEM +4%
2026-07-06 17:46:06    moon sleeve holds $14,779 (ignored); core sizes on $85,874
2026-07-06 17:46:06  equity $85,874 | current 8 core positions
2026-07-06 17:46:06    SELL BIL $3,492 -> target $16,282
2026-07-06 17:46:06    SELL SPY $3,729 -> target $25,264
2026-07-06 17:46:06    SELL XLK $3,255 -> target $20,833
2026-07-06 17:46:06  done.
2026-07-07 17:19:33  v12 | regime BULL | VIX 15.6 | expo 1.00 x vol 1.00 x lev 2 x overlay 0.40 [volT 0.40] = gross 0.81
2026-07-07 17:19:33    expert weights: core=0.25 trend2=0.50 tom=0.25
2026-07-07 17:19:33    TARGET book (8 positions): BIL +39%, XLK +24%, SPY +9%, EFA +7%, DBC +6%, GLD +5%, QQQ +5%, EEM +4%
2026-07-07 17:19:34  equity $100,066 | current 8 core positions
2026-07-07 17:19:34    SELL SPY $16,080 -> target $9,136
2026-07-07 17:19:34    BUY BIL $23,195 -> target $39,476
2026-07-07 17:19:34    BUY XLK $3,730 -> target $24,186
2026-07-07 17:19:34  done.
2026-07-08 16:42:17  v12 | regime BULL | VIX 16.1 | expo 1.00 x vol 1.00 x lev 2 x overlay 0.40 [volT 0.40] = gross 0.81
2026-07-08 16:42:17    expert weights: core=0.25 trend2=0.50 tom=0.25
2026-07-08 16:42:17    TARGET book (8 positions): BIL +39%, XLK +24%, SPY +9%, EFA +7%, DBC +6%, GLD +5%, QQQ +5%, EEM +4%
2026-07-08 16:42:18    moon sleeve holds $17,939 (ignored); core sizes on $81,558
2026-07-08 16:42:18  equity $81,558 | current 8 core positions
2026-07-08 16:42:18    SELL BIL $7,373 -> target $32,109
2026-07-08 16:42:18    SELL DBC $1,272 -> target $4,910
2026-07-08 16:42:18    SELL SPY $1,622 -> target $7,454
2026-07-08 16:42:18    SELL XLK $4,386 -> target $19,737
2026-07-08 16:42:18  done.
2026-07-09 10:19:42  data: 23 syms via alpaca, 0 via yahoo fallback
2026-07-09 10:19:51  v12 | regime BULL | VIX 16.9 | expo 1.00 x vol 1.00 x lev 2 x overlay 0.42 [volT 0.42] = gross 0.83
2026-07-09 10:19:51    expert weights: core=0.25 trend2=0.50 tom=0.25
2026-07-09 10:19:51    TARGET book (8 positions): BIL +38%, XLK +25%, SPY +9%, EFA +7%, DBC +6%, QQQ +6%, GLD +6%, EEM +4%
2026-07-09 10:19:51  DRY RUN — no orders placed. (target book above is what it WOULD hold.)
2026-07-09 08:32:22  data: 23 syms via alpaca, 0 via yahoo fallback
2026-07-09 08:32:22  v12 | regime BULL | VIX 16.9 | expo 1.00 x vol 1.00 x lev 2 x overlay 0.42 [volT 0.42] = gross 0.83
2026-07-09 08:32:22    expert weights: core=0.25 trend2=0.50 tom=0.25
2026-07-09 08:32:22    TARGET book (8 positions): BIL +38%, XLK +25%, SPY +9%, EFA +7%, DBC +6%, QQQ +6%, GLD +6%, EEM +4%
2026-07-09 08:32:23  market closed (next 2026-07-09 09:30:00-04:00); no trades.
2026-07-09 16:15:28  data: 23 syms via alpaca, 0 via yahoo fallback
2026-07-09 16:15:28  v12 | regime BULL | VIX 16.9 | expo 1.00 x vol 1.00 x lev 2 x overlay 0.42 [volT 0.42] = gross 0.83
2026-07-09 16:15:28    expert weights: core=0.25 trend2=0.50 tom=0.25
2026-07-09 16:15:28    TARGET book (8 positions): BIL +38%, XLK +25%, SPY +9%, EFA +7%, DBC +6%, QQQ +6%, GLD +6%, EEM +4%
2026-07-09 16:15:30    moon sleeve holds $18,840 (ignored); core sizes on $82,621
2026-07-09 16:15:30  equity $82,621 | current 8 core positions
2026-07-09 16:15:30  done.
2026-07-09 16:33:54  data: 23 syms via alpaca, 0 via yahoo fallback
2026-07-09 16:33:55  v12 | regime BULL | VIX 16.9 | expo 1.00 x vol 1.00 x lev 2 x overlay 0.42 [volT 0.42] = gross 0.83
2026-07-09 16:33:55    expert weights: core=0.25 trend2=0.50 tom=0.25
2026-07-09 16:33:55    TARGET book (8 positions): BIL +38%, XLK +25%, SPY +9%, EFA +7%, DBC +6%, QQQ +6%, GLD +6%, EEM +4%
2026-07-09 16:33:56    moon sleeve holds $18,824 (ignored); core sizes on $82,600
2026-07-09 16:33:56  equity $82,600 | current 8 core positions
2026-07-09 16:33:56  done.
2026-07-09 17:23:27  data: 23 syms via alpaca, 0 via yahoo fallback
2026-07-09 17:23:27  v12 | regime BULL | VIX 16.9 | expo 1.00 x vol 1.00 x lev 2 x overlay 0.42 [volT 0.42] = gross 0.83
2026-07-09 17:23:27    expert weights: core=0.25 trend2=0.50 tom=0.25
2026-07-09 17:23:27    TARGET book (8 positions): BIL +38%, XLK +25%, SPY +9%, EFA +7%, DBC +6%, QQQ +6%, GLD +6%, EEM +4%
2026-07-09 17:23:29    moon sleeve holds $18,946 (ignored); core sizes on $82,658
2026-07-09 17:23:29  equity $82,658 | current 8 core positions
2026-07-09 17:23:29  done.
2026-07-10 16:04:58  data: 23 syms via alpaca, 0 via yahoo fallback
2026-07-10 16:04:58  v12 | regime BULL | VIX 15.8 | expo 1.00 x vol 1.00 x lev 2 x overlay 0.42 [volT 0.42] = gross 0.83
2026-07-10 16:04:58    expert weights: core=0.25 trend2=0.50 tom=0.25
2026-07-10 16:04:58    TARGET book (8 positions): BIL +37%, XLK +25%, SPY +9%, EFA +7%, DBC +6%, QQQ +6%, GLD +6%, EEM +4%
2026-07-10 16:04:59    moon sleeve holds $18,981 (ignored); core sizes on $82,574
2026-07-10 16:04:59  equity $82,574 | current 8 core positions
2026-07-10 16:04:59  done.
2026-07-10 16:30:34  data: 23 syms via alpaca, 0 via yahoo fallback
2026-07-10 16:30:35  v12 | regime BULL | VIX 15.8 | expo 1.00 x vol 1.00 x lev 2 x overlay 0.42 [volT 0.42] = gross 0.83
2026-07-10 16:30:35    expert weights: core=0.25 trend2=0.50 tom=0.25
2026-07-10 16:30:35    TARGET book (8 positions): BIL +37%, XLK +25%, SPY +9%, EFA +7%, DBC +6%, QQQ +6%, GLD +6%, EEM +4%
2026-07-10 16:30:35    moon sleeve holds $19,046 (ignored); core sizes on $82,635
2026-07-10 16:30:35  equity $82,635 | current 8 core positions
2026-07-10 16:30:35  done.
2026-07-10 16:58:24  data: 23 syms via alpaca, 0 via yahoo fallback
2026-07-10 16:58:24  v12 | regime BULL | VIX 15.8 | expo 1.00 x vol 1.00 x lev 2 x overlay 0.42 [volT 0.42] = gross 0.83
2026-07-10 16:58:24    expert weights: core=0.25 trend2=0.50 tom=0.25
2026-07-10 16:58:24    TARGET book (8 positions): BIL +37%, XLK +25%, SPY +9%, EFA +7%, DBC +6%, QQQ +6%, GLD +6%, EEM +4%
2026-07-10 16:58:26    moon sleeve holds $19,069 (ignored); core sizes on $82,626
2026-07-10 16:58:26  equity $82,626 | current 8 core positions
2026-07-10 16:58:26  done.
2026-07-11 14:20:43  data: 23 syms via alpaca, 0 via yahoo fallback
2026-07-11 14:20:45  v12 | regime BULL | VIX 15.0 | expo 1.00 x vol 1.00 x lev 2 x overlay 0.43 [volT 0.43] = gross 0.86
2026-07-11 14:20:45    expert weights: core=0.25 trend2=0.50 tom=0.25
2026-07-11 14:20:45    TARGET book (8 positions): BIL +36%, XLK +26%, SPY +10%, EFA +7%, DBC +6%, QQQ +6%, GLD +6%, EEM +4%
2026-07-11 14:20:45  DRY RUN — no orders placed. (target book above is what it WOULD hold.)
2026-07-11 12:21:14  data: 23 syms via alpaca, 0 via yahoo fallback
2026-07-11 12:21:14  v12 | regime BULL | VIX 15.0 | expo 1.00 x vol 1.00 x lev 2 x overlay 0.43 [volT 0.43] = gross 0.86
2026-07-11 12:21:14    expert weights: core=0.25 trend2=0.50 tom=0.25
2026-07-11 12:21:14    TARGET book (8 positions): BIL +36%, XLK +26%, SPY +10%, EFA +7%, DBC +6%, QQQ +6%, GLD +6%, EEM +4%
2026-07-11 12:21:16  market closed (next 2026-07-13 09:30:00-04:00); no trades.
2026-07-13 16:12:31  data: 23 syms via alpaca, 0 via yahoo fallback
2026-07-13 16:12:31  v12 | regime BULL | VIX 15.0 | expo 1.00 x vol 1.00 x lev 2 x overlay 0.43 [volT 0.43] = gross 0.86
2026-07-13 16:12:31    expert weights: core=0.25 trend2=0.50 tom=0.25
2026-07-13 16:12:31    TARGET book (8 positions): BIL +36%, XLK +26%, SPY +10%, EFA +7%, DBC +6%, QQQ +6%, GLD +6%, EEM +4%
2026-07-13 16:12:32    moon sleeve holds $18,429 (ignored); core sizes on $82,012
2026-07-13 16:12:32  equity $82,012 | current 8 core positions
2026-07-13 16:12:32    SELL BIL $2,910 -> target $29,213
2026-07-13 16:12:32  done.
2026-07-13 16:41:03  data: 23 syms via alpaca, 0 via yahoo fallback
2026-07-13 16:41:04  v12 | regime BULL | VIX 15.0 | expo 1.00 x vol 1.00 x lev 2 x overlay 0.43 [volT 0.43] = gross 0.86
2026-07-13 16:41:04    expert weights: core=0.25 trend2=0.50 tom=0.25
2026-07-13 16:41:04    TARGET book (8 positions): BIL +36%, XLK +26%, SPY +10%, EFA +7%, DBC +6%, QQQ +6%, GLD +6%, EEM +4%
2026-07-13 16:41:05    moon sleeve holds $18,244 (ignored); core sizes on $81,784
2026-07-13 16:41:05  equity $81,784 | current 8 core positions
2026-07-13 16:41:05  done.
2026-07-13 17:15:02  data: 23 syms via alpaca, 0 via yahoo fallback
2026-07-13 17:15:03  v12 | regime BULL | VIX 15.0 | expo 1.00 x vol 1.00 x lev 2 x overlay 0.43 [volT 0.43] = gross 0.86
2026-07-13 17:15:03    expert weights: core=0.25 trend2=0.50 tom=0.25
2026-07-13 17:15:03    TARGET book (8 positions): BIL +36%, XLK +26%, SPY +10%, EFA +7%, DBC +6%, QQQ +6%, GLD +6%, EEM +4%
2026-07-13 17:15:03    moon sleeve holds $18,298 (ignored); core sizes on $81,851
2026-07-13 17:15:03  equity $81,851 | current 8 core positions
2026-07-13 17:15:03  done.
2026-07-14 15:10:37  data: 23 syms via alpaca, 0 via yahoo fallback
2026-07-14 15:10:38  v12 | regime BULL | VIX 17.2 | expo 1.00 x vol 1.00 x lev 2 x overlay 0.43 [volT 0.43] = gross 0.85
2026-07-14 15:10:38    expert weights: core=0.25 trend2=0.50 tom=0.25
2026-07-14 15:10:38    TARGET book (8 positions): BIL +36%, XLK +26%, SPY +10%, EFA +7%, DBC +6%, QQQ +6%, GLD +6%, EEM +4%
2026-07-14 15:10:39    moon sleeve holds $18,765 (ignored); core sizes on $82,492
2026-07-14 15:10:39  equity $82,492 | current 8 core positions
2026-07-14 15:10:39  done.
2026-07-14 15:38:41  data: 23 syms via alpaca, 0 via yahoo fallback
2026-07-14 15:38:41  v12 | regime BULL | VIX 17.2 | expo 1.00 x vol 1.00 x lev 2 x overlay 0.43 [volT 0.43] = gross 0.85
2026-07-14 15:38:41    expert weights: core=0.25 trend2=0.50 tom=0.25
2026-07-14 15:38:41    TARGET book (8 positions): BIL +36%, XLK +26%, SPY +10%, EFA +7%, DBC +6%, QQQ +6%, GLD +6%, EEM +4%
2026-07-14 15:38:43    moon sleeve holds $18,762 (ignored); core sizes on $82,484
2026-07-14 15:38:43  equity $82,484 | current 8 core positions
2026-07-14 15:38:43  done.
2026-07-14 16:18:23  data: 23 syms via alpaca, 0 via yahoo fallback
2026-07-14 16:18:23  v12 | regime BULL | VIX 17.2 | expo 1.00 x vol 1.00 x lev 2 x overlay 0.43 [volT 0.43] = gross 0.85
2026-07-14 16:18:23    expert weights: core=0.25 trend2=0.50 tom=0.25
2026-07-14 16:18:23    TARGET book (8 positions): BIL +36%, XLK +26%, SPY +10%, EFA +7%, DBC +6%, QQQ +6%, GLD +6%, EEM +4%
2026-07-14 16:18:24    moon sleeve holds $18,575 (ignored); core sizes on $82,293
2026-07-14 16:18:24  equity $82,293 | current 8 core positions
2026-07-14 16:18:24  done.
2026-07-15 11:40:10  data: 23 syms via alpaca, 0 via yahoo fallback
2026-07-15 11:40:11  v12 | regime BULL | VIX 16.5 | expo 1.00 x vol 1.00 x lev 2 x overlay 0.43 [volT 0.43] = gross 0.86
2026-07-15 11:40:11    expert weights: core=0.25 trend2=0.50 tom=0.25
2026-07-15 11:40:11    TARGET book (8 positions): BIL +35%, XLK +26%, SPY +10%, EFA +7%, DBC +6%, QQQ +6%, GLD +6%, EEM +4%
2026-07-15 11:40:11  DRY RUN — no orders placed. (target book above is what it WOULD hold.)
2026-07-15 09:40:59  data: 23 syms via alpaca, 0 via yahoo fallback
2026-07-15 09:41:00  v12 | regime BULL | VIX 17.2 | expo 1.00 x vol 1.00 x lev 2 x overlay 0.43 [volT 0.43] = gross 0.86
2026-07-15 09:41:00    expert weights: core=0.25 trend2=0.50 tom=0.25
2026-07-15 09:41:00    TARGET book (8 positions): BIL +35%, XLK +26%, SPY +10%, EFA +7%, DBC +6%, QQQ +6%, GLD +6%, EEM +4%
2026-07-15 09:41:01  market closed (next 2026-07-15 09:30:00-04:00); no trades.
2026-07-15 15:10:59  data: 23 syms via alpaca, 0 via yahoo fallback
2026-07-15 15:10:59  v12 | regime BULL | VIX 17.2 | expo 1.00 x vol 1.00 x lev 2 x overlay 0.43 [volT 0.43] = gross 0.86
2026-07-15 15:10:59    expert weights: core=0.25 trend2=0.50 tom=0.25
2026-07-15 15:10:59    TARGET book (8 positions): BIL +35%, XLK +26%, SPY +10%, EFA +7%, DBC +6%, QQQ +6%, GLD +6%, EEM +4%
2026-07-15 15:11:00    moon sleeve holds $18,465 (ignored); core sizes on $82,055
2026-07-15 15:11:00  equity $82,055 | current 8 core positions
2026-07-15 15:11:00    BUY XLK $1,347 -> target $21,195
2026-07-15 15:11:00  done.
2026-07-15 15:41:51  data: 23 syms via alpaca, 0 via yahoo fallback
2026-07-15 15:41:51  v12 | regime BULL | VIX 16.5 | expo 1.00 x vol 1.00 x lev 2 x overlay 0.43 [volT 0.43] = gross 0.86
2026-07-15 15:41:51    expert weights: core=0.25 trend2=0.50 tom=0.25
2026-07-15 15:41:51    TARGET book (8 positions): BIL +35%, XLK +26%, SPY +10%, EFA +7%, DBC +6%, QQQ +6%, GLD +6%, EEM +4%
2026-07-15 15:41:52    moon sleeve holds $18,471 (ignored); core sizes on $82,024
2026-07-15 15:41:52  equity $82,024 | current 8 core positions
2026-07-15 15:41:52  done.
2026-07-15 16:25:31  data: 23 syms via alpaca, 0 via yahoo fallback
2026-07-15 16:25:32  v12 | regime BULL | VIX 16.5 | expo 1.00 x vol 1.00 x lev 2 x overlay 0.43 [volT 0.43] = gross 0.86
2026-07-15 16:25:32    expert weights: core=0.25 trend2=0.50 tom=0.25
2026-07-15 16:25:32    TARGET book (8 positions): BIL +35%, XLK +26%, SPY +10%, EFA +7%, DBC +6%, QQQ +6%, GLD +6%, EEM +4%
2026-07-15 16:25:33    moon sleeve holds $18,170 (ignored); core sizes on $81,677
2026-07-15 16:25:33  equity $81,677 | current 8 core positions
2026-07-15 16:25:33  done.
2026-07-16 15:20:43  data: 23 syms via alpaca, 0 via yahoo fallback
2026-07-16 15:20:43  v12 | regime BULL | VIX 15.7 | expo 1.00 x vol 1.00 x lev 2 x overlay 0.45 [volT 0.45] = gross 0.90
2026-07-16 15:20:43    expert weights: core=0.25 trend2=0.50 tom=0.25
2026-07-16 15:20:43    TARGET book (8 positions): BIL +33%, XLK +27%, SPY +10%, EFA +7%, DBC +7%, QQQ +6%, GLD +6%, EEM +4%
2026-07-16 15:20:45    moon sleeve holds $18,093 (ignored); core sizes on $81,480
2026-07-16 15:20:45  equity $81,480 | current 8 core positions
2026-07-16 15:20:45    SELL BIL $2,640 -> target $26,579
2026-07-16 15:20:45  done.
2026-07-16 15:44:03  data: 23 syms via alpaca, 0 via yahoo fallback
2026-07-16 15:44:04  v12 | regime BULL | VIX 15.7 | expo 1.00 x vol 1.00 x lev 2 x overlay 0.45 [volT 0.45] = gross 0.90
2026-07-16 15:44:04    expert weights: core=0.25 trend2=0.50 tom=0.25
2026-07-16 15:44:04    TARGET book (8 positions): BIL +33%, XLK +27%, SPY +10%, EFA +7%, DBC +7%, QQQ +6%, GLD +6%, EEM +4%
2026-07-16 15:44:05    moon sleeve holds $18,102 (ignored); core sizes on $81,534
2026-07-16 15:44:05  equity $81,534 | current 8 core positions
2026-07-16 15:44:05  done.
2026-07-16 16:19:15  data: 23 syms via alpaca, 0 via yahoo fallback
2026-07-16 16:19:16  v12 | regime BULL | VIX 15.7 | expo 1.00 x vol 1.00 x lev 2 x overlay 0.45 [volT 0.45] = gross 0.90
2026-07-16 16:19:16    expert weights: core=0.25 trend2=0.50 tom=0.25
2026-07-16 16:19:16    TARGET book (8 positions): BIL +33%, XLK +27%, SPY +10%, EFA +7%, DBC +7%, QQQ +6%, GLD +6%, EEM +4%
2026-07-16 16:19:18    moon sleeve holds $17,968 (ignored); core sizes on $81,378
2026-07-16 16:19:18  equity $81,378 | current 8 core positions
2026-07-16 16:19:18  done.
2026-07-17 15:01:29  data: 23 syms via alpaca, 0 via yahoo fallback
2026-07-17 15:01:29  v12 | regime BULL | VIX 16.7 | expo 1.00 x vol 1.00 x lev 2 x overlay 0.44 [volT 0.44] = gross 0.89
2026-07-17 15:01:29    expert weights: core=0.25 trend2=0.50 tom=0.25
2026-07-17 15:01:29    TARGET book (8 positions): BIL +33%, XLK +27%, SPY +10%, EFA +7%, DBC +7%, QQQ +6%, GLD +6%, EEM +4%
2026-07-17 15:01:30    moon sleeve holds $26,644 (ignored); core sizes on $70,889
2026-07-17 15:01:30  equity $70,889 | current 8 core positions
2026-07-17 15:01:30    SELL BIL $2,897 -> target $23,691
2026-07-17 15:01:30    SELL EFA $1,274 -> target $5,232
2026-07-17 15:01:30    SELL XLK $1,641 -> target $18,807
2026-07-17 15:01:30  done.
2026-07-17 15:22:30  data: 23 syms via alpaca, 0 via yahoo fallback
2026-07-17 15:22:31  v12 | regime BULL | VIX 16.7 | expo 1.00 x vol 1.00 x lev 2 x overlay 0.44 [volT 0.44] = gross 0.89
2026-07-17 15:22:31    expert weights: core=0.25 trend2=0.50 tom=0.25
2026-07-17 15:22:31    TARGET book (8 positions): BIL +33%, XLK +27%, SPY +10%, EFA +7%, DBC +7%, QQQ +6%, GLD +6%, EEM +4%
2026-07-17 15:22:33    moon sleeve holds $26,725 (ignored); core sizes on $70,999
2026-07-17 15:22:33  equity $70,999 | current 8 core positions
2026-07-17 15:22:33  done.
2026-07-17 16:17:28  data: 23 syms via alpaca, 0 via yahoo fallback
2026-07-17 16:17:29  v12 | regime BULL | VIX 16.7 | expo 1.00 x vol 1.00 x lev 2 x overlay 0.44 [volT 0.44] = gross 0.89
2026-07-17 16:17:29    expert weights: core=0.25 trend2=0.50 tom=0.25
2026-07-17 16:17:29    TARGET book (8 positions): BIL +33%, XLK +27%, SPY +10%, EFA +7%, DBC +7%, QQQ +6%, GLD +6%, EEM +4%
2026-07-17 16:17:30    moon sleeve holds $27,098 (ignored); core sizes on $71,357
2026-07-17 16:17:30  equity $71,357 | current 8 core positions
2026-07-17 16:17:30  done.
2026-07-20 15:32:03  data: 23 syms via alpaca, 0 via yahoo fallback
2026-07-20 15:32:04  v12 | regime BULL | VIX 18.8 | expo 1.00 x vol 1.00 x lev 2 x overlay 0.46 [volT 0.46] = gross 0.91
2026-07-20 15:32:04    expert weights: core=0.25 trend2=0.50 tom=0.25
2026-07-20 15:32:04    TARGET book (8 positions): BIL +32%, XLK +27%, SPY +10%, EFA +8%, DBC +7%, QQQ +6%, GLD +6%, EEM +4%
2026-07-20 15:32:05    moon sleeve holds $27,222 (ignored); core sizes on $71,390
2026-07-20 15:32:05  equity $71,390 | current 8 core positions
2026-07-20 15:32:05  done.
2026-07-20 15:58:15  data: 23 syms via alpaca, 0 via yahoo fallback
2026-07-20 15:58:16  v12 | regime BULL | VIX 18.8 | expo 1.00 x vol 1.00 x lev 2 x overlay 0.46 [volT 0.46] = gross 0.91
2026-07-20 15:58:16    expert weights: core=0.25 trend2=0.50 tom=0.25
2026-07-20 15:58:16    TARGET book (8 positions): BIL +32%, XLK +27%, SPY +10%, EFA +8%, DBC +7%, QQQ +6%, GLD +6%, EEM +4%
2026-07-20 15:58:16    moon sleeve holds $27,268 (ignored); core sizes on $71,427
2026-07-20 15:58:16  equity $71,427 | current 8 core positions
2026-07-20 15:58:16  done.
2026-07-20 16:25:45  data: 23 syms via alpaca, 0 via yahoo fallback
2026-07-20 16:25:46  v12 | regime BULL | VIX 18.8 | expo 1.00 x vol 1.00 x lev 2 x overlay 0.46 [volT 0.46] = gross 0.91
2026-07-20 16:25:46    expert weights: core=0.25 trend2=0.50 tom=0.25
2026-07-20 16:25:46    TARGET book (8 positions): BIL +32%, XLK +27%, SPY +10%, EFA +8%, DBC +7%, QQQ +6%, GLD +6%, EEM +4%
2026-07-20 16:25:48    moon sleeve holds $27,339 (ignored); core sizes on $71,472
2026-07-20 16:25:48  equity $71,472 | current 8 core positions
2026-07-20 16:25:48  done.
2026-07-21 15:24:40  data: 23 syms via alpaca, 0 via yahoo fallback
2026-07-21 15:24:41  v12 | regime BULL | VIX 18.6 | expo 1.00 x vol 1.00 x lev 2 x overlay 0.47 [volT 0.47] = gross 0.94
2026-07-21 15:24:41    expert weights: core=0.25 trend2=0.50 tom=0.25
2026-07-21 15:24:41    TARGET book (8 positions): BIL +29%, XLK +28%, SPY +11%, EFA +8%, DBC +7%, QQQ +6%, GLD +6%, EEM +4%
2026-07-21 15:24:42    moon sleeve holds $27,694 (ignored); core sizes on $72,083
2026-07-21 15:24:42  equity $72,083 | current 8 core positions
2026-07-21 15:24:42    SELL BIL $2,689 -> target $21,005
2026-07-21 15:24:42  done.
2026-07-21 15:49:08  data: 23 syms via alpaca, 0 via yahoo fallback
2026-07-21 15:49:09  v12 | regime BULL | VIX 18.6 | expo 1.00 x vol 1.00 x lev 2 x overlay 0.47 [volT 0.47] = gross 0.94
2026-07-21 15:49:09    expert weights: core=0.25 trend2=0.50 tom=0.25
2026-07-21 15:49:09    TARGET book (8 positions): BIL +29%, XLK +28%, SPY +11%, EFA +8%, DBC +7%, QQQ +6%, GLD +6%, EEM +4%
2026-07-21 15:49:11    moon sleeve holds $17,909 (ignored); core sizes on $81,842
2026-07-21 15:49:11  equity $81,842 | current 8 core positions
2026-07-21 15:49:11    BUY BIL $2,844 -> target $23,849
2026-07-21 15:49:11    BUY SPY $1,303 -> target $8,798
2026-07-21 15:49:11    BUY XLK $3,675 -> target $23,104
2026-07-21 15:49:11  done.
2026-07-21 16:24:49  data: 23 syms via alpaca, 0 via yahoo fallback
2026-07-21 16:24:50  v12 | regime BULL | VIX 18.6 | expo 1.00 x vol 1.00 x lev 2 x overlay 0.47 [volT 0.47] = gross 0.94
2026-07-21 16:24:50    expert weights: core=0.25 trend2=0.50 tom=0.25
2026-07-21 16:24:50    TARGET book (8 positions): BIL +29%, XLK +28%, SPY +11%, EFA +8%, DBC +7%, QQQ +6%, GLD +6%, EEM +4%
2026-07-21 16:24:52    moon sleeve holds $17,966 (ignored); core sizes on $81,933
2026-07-21 16:24:52  equity $81,933 | current 8 core positions
2026-07-21 16:24:52  done.
2026-07-22 15:22:16  data: 23 syms via alpaca, 0 via yahoo fallback
2026-07-22 15:22:17  v12 | regime BULL | VIX 17.0 | expo 1.00 x vol 1.00 x lev 2 x overlay 0.45 [volT 0.45] = gross 0.90
2026-07-22 15:22:17    expert weights: core=0.25 trend2=0.50 tom=0.25
2026-07-22 15:22:17    TARGET book (8 positions): BIL +33%, XLK +27%, SPY +10%, EFA +7%, DBC +7%, QQQ +6%, GLD +6%, EEM +4%
2026-07-22 15:22:18    moon sleeve holds $3,987 (ignored); core sizes on $95,856
2026-07-22 15:22:18  equity $95,856 | current 8 core positions
2026-07-22 15:22:18    BUY BIL $7,380 -> target $31,230
2026-07-22 15:22:18    BUY EFA $1,871 -> target $7,170
2026-07-22 15:22:18    BUY XLK $2,530 -> target $25,747
2026-07-22 15:22:18  done.
2026-07-22 15:48:09  data: 23 syms via alpaca, 0 via yahoo fallback
2026-07-22 15:48:09  v12 | regime BULL | VIX 17.0 | expo 1.00 x vol 1.00 x lev 2 x overlay 0.45 [volT 0.45] = gross 0.90
2026-07-22 15:48:09    expert weights: core=0.25 trend2=0.50 tom=0.25
2026-07-22 15:48:09    TARGET book (8 positions): BIL +33%, XLK +27%, SPY +10%, EFA +7%, DBC +7%, QQQ +6%, GLD +6%, EEM +4%
2026-07-22 15:48:10    moon sleeve holds $3,988 (ignored); core sizes on $95,844
2026-07-22 15:48:10  equity $95,844 | current 8 core positions
2026-07-22 15:48:10  done.
2026-07-22 16:21:27  data: 23 syms via alpaca, 0 via yahoo fallback
2026-07-22 16:21:28  v12 | regime BULL | VIX 17.0 | expo 1.00 x vol 1.00 x lev 2 x overlay 0.45 [volT 0.45] = gross 0.90
2026-07-22 16:21:28    expert weights: core=0.25 trend2=0.50 tom=0.25
2026-07-22 16:21:28    TARGET book (8 positions): BIL +33%, XLK +27%, SPY +10%, EFA +7%, DBC +7%, QQQ +6%, GLD +6%, EEM +4%
2026-07-22 16:21:29    moon sleeve holds $3,995 (ignored); core sizes on $95,889
2026-07-22 16:21:29  equity $95,889 | current 8 core positions
2026-07-22 16:21:29  done.
2026-07-23 15:35:39  data: 23 syms via alpaca, 0 via yahoo fallback
2026-07-23 15:35:39  v12 | regime BULL | VIX 16.6 | expo 1.00 x vol 1.00 x lev 2 x overlay 0.47 [volT 0.47] = gross 0.93
2026-07-23 15:35:39    expert weights: core=0.25 trend2=0.50 tom=0.25
2026-07-23 15:35:39    TARGET book (8 positions): BIL +30%, XLK +28%, SPY +11%, EFA +8%, DBC +7%, QQQ +6%, GLD +6%, EEM +4%
2026-07-23 15:35:41    moon sleeve holds $3,851 (ignored); core sizes on $94,918
2026-07-23 15:35:41  equity $94,918 | current 8 core positions
2026-07-23 15:35:41  done.
2026-07-23 15:59:57  data: 23 syms via alpaca, 0 via yahoo fallback
2026-07-23 15:59:58  v12 | regime BULL | VIX 16.6 | expo 1.00 x vol 1.00 x lev 2 x overlay 0.47 [volT 0.47] = gross 0.93
2026-07-23 15:59:58    expert weights: core=0.25 trend2=0.50 tom=0.25
2026-07-23 15:59:58    TARGET book (8 positions): BIL +30%, XLK +28%, SPY +11%, EFA +8%, DBC +7%, QQQ +6%, GLD +6%, EEM +4%
2026-07-23 15:59:59    moon sleeve holds $3,870 (ignored); core sizes on $95,022
2026-07-23 15:59:59  equity $95,022 | current 8 core positions
2026-07-23 15:59:59  done.
2026-07-23 16:38:20  data: 23 syms via alpaca, 0 via yahoo fallback
2026-07-23 16:38:20  v12 | regime BULL | VIX 16.6 | expo 1.00 x vol 1.00 x lev 2 x overlay 0.47 [volT 0.47] = gross 0.93
2026-07-23 16:38:20    expert weights: core=0.25 trend2=0.50 tom=0.25
2026-07-23 16:38:20    TARGET book (8 positions): BIL +30%, XLK +28%, SPY +11%, EFA +8%, DBC +7%, QQQ +6%, GLD +6%, EEM +4%
2026-07-23 16:38:21    moon sleeve holds $3,890 (ignored); core sizes on $95,251
2026-07-23 16:38:21  equity $95,251 | current 8 core positions
2026-07-23 16:38:21  done.
2026-07-24 15:16:19  data: 23 syms via alpaca, 0 via yahoo fallback
2026-07-24 15:16:19  v12 | regime BULL | VIX 18.7 | expo 1.00 x vol 1.00 x lev 2 x overlay 0.47 [volT 0.47] = gross 0.94
2026-07-24 15:16:19    expert weights: core=0.25 trend2=0.50 tom=0.25
2026-07-24 15:16:19    TARGET book (8 positions): BIL +29%, XLK +28%, SPY +11%, EFA +8%, DBC +7%, QQQ +6%, GLD +6%, EEM +4%
2026-07-24 15:16:20    moon sleeve holds $3,949 (ignored); core sizes on $95,026
2026-07-24 15:16:20  equity $95,026 | current 8 core positions
2026-07-24 15:16:20    SELL BIL $3,284 -> target $27,957
2026-07-24 15:16:20    BUY SPY $1,444 -> target $10,177
2026-07-24 15:16:20    BUY XLK $1,430 -> target $26,721
2026-07-24 15:16:20  done.
2026-07-24 15:38:14  data: 23 syms via alpaca, 0 via yahoo fallback
2026-07-24 15:38:14  v12 | regime BULL | VIX 18.7 | expo 1.00 x vol 1.00 x lev 2 x overlay 0.47 [volT 0.47] = gross 0.94
2026-07-24 15:38:14    expert weights: core=0.25 trend2=0.50 tom=0.25
2026-07-24 15:38:14    TARGET book (8 positions): BIL +29%, XLK +28%, SPY +11%, EFA +8%, DBC +7%, QQQ +6%, GLD +6%, EEM +4%
2026-07-24 15:38:16    moon sleeve holds $28,045 (ignored); core sizes on $70,961
2026-07-24 15:38:16  equity $70,961 | current 8 core positions
2026-07-24 15:38:16    SELL BIL $7,082 -> target $20,877
2026-07-24 15:38:16      BIL: same order already sent today (duplicate protection) — skipped
2026-07-24 15:38:16    SELL EFA $1,588 -> target $5,556
2026-07-24 15:38:16    SELL SPY $2,582 -> target $7,600
2026-07-24 15:38:17    SELL XLK $6,756 -> target $19,954
2026-07-24 15:38:17  done.
2026-07-24 16:45:21  data: 23 syms via alpaca, 0 via yahoo fallback
2026-07-24 16:45:21  v12 | regime BULL | VIX 18.7 | expo 1.00 x vol 1.00 x lev 2 x overlay 0.47 [volT 0.47] = gross 0.94
2026-07-24 16:45:21    expert weights: core=0.25 trend2=0.50 tom=0.25
2026-07-24 16:45:21    TARGET book (8 positions): BIL +29%, XLK +28%, SPY +11%, EFA +8%, DBC +7%, QQQ +6%, GLD +6%, EEM +4%
2026-07-24 16:45:24    moon sleeve holds $27,944 (ignored); core sizes on $70,927
2026-07-24 16:45:24  equity $70,927 | current 8 core positions
2026-07-24 16:45:24    SELL BIL $7,089 -> target $20,867
2026-07-24 16:45:24      BIL: same order already sent today (duplicate protection) — skipped
2026-07-24 16:45:24  done.
2026-07-27 16:02:32  data: 23 syms via alpaca, 0 via yahoo fallback
2026-07-27 16:02:32  v12 | regime BULL | VIX 18.7 | expo 1.00 x vol 1.00 x lev 2 x overlay 0.48 [volT 0.48] = gross 0.96
2026-07-27 16:02:32    expert weights: core=0.25 trend2=0.50 tom=0.25
2026-07-27 16:02:32    TARGET book (8 positions): XLK +29%, BIL +28%, SPY +11%, EFA +8%, DBC +7%, QQQ +6%, GLD +6%, EEM +5%
2026-07-27 16:02:34    moon sleeve holds $27,102 (ignored); core sizes on $70,095
2026-07-27 16:02:34  equity $70,095 | current 8 core positions
2026-07-27 16:02:34    SELL BIL $8,474 -> target $19,486
2026-07-27 16:02:34  done.
2026-07-27 16:29:39  data: 23 syms via alpaca, 0 via yahoo fallback
2026-07-27 16:29:39  v12 | regime BULL | VIX 18.6 | expo 1.00 x vol 1.00 x lev 2 x overlay 0.48 [volT 0.48] = gross 0.96
2026-07-27 16:29:39    expert weights: core=0.25 trend2=0.50 tom=0.25
2026-07-27 16:29:39    TARGET book (8 positions): XLK +29%, BIL +28%, SPY +11%, EFA +8%, DBC +7%, QQQ +6%, GLD +6%, EEM +5%
2026-07-27 16:29:40    moon sleeve holds $27,290 (ignored); core sizes on $70,261
2026-07-27 16:29:40  equity $70,261 | current 8 core positions
2026-07-27 16:29:40  done.
2026-07-27 17:00:23  data: 23 syms via alpaca, 0 via yahoo fallback
2026-07-27 17:00:24  v12 | regime BULL | VIX 18.6 | expo 1.00 x vol 1.00 x lev 2 x overlay 0.48 [volT 0.48] = gross 0.96
2026-07-27 17:00:24    expert weights: core=0.25 trend2=0.50 tom=0.25
2026-07-27 17:00:24    TARGET book (8 positions): XLK +29%, BIL +28%, SPY +11%, EFA +8%, DBC +7%, QQQ +6%, GLD +6%, EEM +5%
2026-07-27 17:00:25    moon sleeve holds $27,026 (ignored); core sizes on $70,076
2026-07-27 17:00:25  equity $70,076 | current 8 core positions
2026-07-27 17:00:25  done.
2026-07-28 15:53:28  data: 23 syms via alpaca, 0 via yahoo fallback
2026-07-28 15:53:28  v12 | regime BULL | VIX 18.7 | expo 1.00 x vol 1.00 x lev 2 x overlay 0.50 [volT 0.50] = gross 1.00
2026-07-28 15:53:28    expert weights: core=0.25 trend2=0.50 tom=0.25
2026-07-28 15:53:28    TARGET book (7 positions): SPY +36%, XLK +30%, EFA +8%, DBC +7%, QQQ +7%, GLD +7%, EEM +5%
2026-07-28 15:53:29    moon sleeve holds $27,306 (ignored); core sizes on $69,869
2026-07-28 15:53:29  equity $69,869 | current 8 core positions
2026-07-28 15:53:29    CLOSE BIL ($19,488)
2026-07-28 15:53:29    BUY SPY $17,879 -> target $25,474
2026-07-28 15:53:30    BUY XLK $1,651 -> target $20,926
2026-07-28 15:53:30  done.
2026-07-28 16:09:46  data: 23 syms via alpaca, 0 via yahoo fallback
2026-07-28 16:09:46  v12 | regime BULL | VIX 18.7 | expo 1.00 x vol 1.00 x lev 2 x overlay 0.50 [volT 0.50] = gross 1.00
2026-07-28 16:09:46    expert weights: core=0.25 trend2=0.50 tom=0.25
2026-07-28 16:09:46    TARGET book (7 positions): SPY +36%, XLK +30%, EFA +8%, DBC +7%, QQQ +7%, GLD +7%, EEM +5%
2026-07-28 16:09:47    moon sleeve holds $27,234 (ignored); core sizes on $69,789
2026-07-28 16:09:47  equity $69,789 | current 7 core positions
2026-07-28 16:09:47  done.
2026-07-28 16:42:11  data: 23 syms via alpaca, 0 via yahoo fallback
2026-07-28 16:42:12  v12 | regime BULL | VIX 18.7 | expo 1.00 x vol 1.00 x lev 2 x overlay 0.50 [volT 0.50] = gross 1.00
2026-07-28 16:42:12    expert weights: core=0.25 trend2=0.50 tom=0.25
2026-07-28 16:42:12    TARGET book (7 positions): SPY +36%, XLK +30%, EFA +8%, DBC +7%, QQQ +7%, GLD +7%, EEM +5%
2026-07-28 16:42:13    moon sleeve holds $27,267 (ignored); core sizes on $69,803
2026-07-28 16:42:13  equity $69,803 | current 7 core positions
2026-07-28 16:42:13  done.
2026-07-29 15:33:44  data: 23 syms via alpaca, 0 via yahoo fallback
2026-07-29 15:33:45  v12 | regime BULL | VIX 18.7 | expo 1.00 x vol 1.00 x lev 2 x overlay 0.51 [volT 0.51] = gross 1.01
2026-07-29 15:33:45    expert weights: core=0.25 trend2=0.50 tom=0.25
2026-07-29 15:33:45    TARGET book (7 positions): SPY +37%, XLK +30%, EFA +8%, DBC +8%, QQQ +7%, GLD +7%, EEM +5%
2026-07-29 15:33:46    moon sleeve holds $26,255 (ignored); core sizes on $69,084
2026-07-29 15:33:46  equity $69,084 | current 7 core positions
2026-07-29 15:33:46  done.
2026-07-29 15:55:29  data: 23 syms via alpaca, 0 via yahoo fallback
2026-07-29 15:55:29  v12 | regime BULL | VIX 18.2 | expo 1.00 x vol 1.00 x lev 2 x overlay 0.51 [volT 0.51] = gross 1.01
2026-07-29 15:55:29    expert weights: core=0.25 trend2=0.50 tom=0.25
2026-07-29 15:55:29    TARGET book (7 positions): SPY +37%, XLK +30%, EFA +8%, DBC +8%, QQQ +7%, GLD +7%, EEM +5%
2026-07-29 15:55:30    moon sleeve holds $26,041 (ignored); core sizes on $68,905
2026-07-29 15:55:30  equity $68,905 | current 7 core positions
2026-07-29 15:55:30  done.
2026-07-29 16:24:20  data: 23 syms via alpaca, 0 via yahoo fallback
2026-07-29 16:24:21  v12 | regime BULL | VIX 18.7 | expo 1.00 x vol 1.00 x lev 2 x overlay 0.51 [volT 0.51] = gross 1.01
2026-07-29 16:24:21    expert weights: core=0.25 trend2=0.50 tom=0.25
2026-07-29 16:24:21    TARGET book (7 positions): SPY +37%, XLK +30%, EFA +8%, DBC +8%, QQQ +7%, GLD +7%, EEM +5%
2026-07-29 16:24:24    moon sleeve holds $26,116 (ignored); core sizes on $68,936
2026-07-29 16:24:24  equity $68,936 | current 7 core positions
2026-07-29 16:24:24  done.
2026-07-30 15:35:07  data: 23 syms via alpaca, 0 via yahoo fallback
2026-07-30 15:35:07  v12 | regime BULL | VIX 20.7 | expo 1.00 x vol 1.00 x lev 2 x overlay 0.50 [volT 0.50] = gross 1.00
2026-07-30 15:35:07    expert weights: core=0.25 trend2=0.50 tom=0.25
2026-07-30 15:35:07    TARGET book (7 positions): SPY +36%, XLK +30%, EFA +8%, DBC +7%, QQQ +7%, GLD +7%, EEM +5%
2026-07-30 15:35:09    moon sleeve holds $26,995 (ignored); core sizes on $70,308
2026-07-30 15:35:09  equity $70,308 | current 7 core positions
2026-07-30 15:35:09  done.
2026-07-30 15:57:59  data: 23 syms via alpaca, 0 via yahoo fallback
2026-07-30 15:57:59  v12 | regime BULL | VIX 20.7 | expo 1.00 x vol 1.00 x lev 2 x overlay 0.50 [volT 0.50] = gross 1.00
2026-07-30 15:57:59    expert weights: core=0.25 trend2=0.50 tom=0.25
2026-07-30 15:57:59    TARGET book (7 positions): SPY +36%, XLK +30%, EFA +8%, DBC +7%, QQQ +7%, GLD +7%, EEM +5%
2026-07-30 15:58:01    moon sleeve holds $23,354 (ignored); core sizes on $74,148
2026-07-30 15:58:01  equity $74,148 | current 7 core positions
2026-07-30 15:58:01    BUY SPY $1,610 -> target $26,923
2026-07-30 15:58:01  done.
2026-07-30 16:37:48  data: 23 syms via alpaca, 0 via yahoo fallback
2026-07-30 16:37:49  v12 | regime BULL | VIX 20.7 | expo 1.00 x vol 1.00 x lev 2 x overlay 0.50 [volT 0.50] = gross 1.00
2026-07-30 16:37:49    expert weights: core=0.25 trend2=0.50 tom=0.25
2026-07-30 16:37:49    TARGET book (7 positions): SPY +36%, XLK +30%, EFA +8%, DBC +7%, QQQ +7%, GLD +7%, EEM +5%
2026-07-30 16:37:51    moon sleeve holds $23,435 (ignored); core sizes on $74,218
2026-07-30 16:37:51  equity $74,218 | current 7 core positions
2026-07-30 16:37:51  done.
2026-07-31 15:48:00  data: 23 syms via alpaca, 0 via yahoo fallback
2026-07-31 15:48:01  v12 | regime BULL | VIX 17.1 | expo 1.00 x vol 1.00 x lev 2 x overlay 0.41 [volT 0.41] = gross 0.83
2026-07-31 15:48:01    expert weights: core=0.25 trend2=0.50 tom=0.25
2026-07-31 15:48:01    TARGET book (8 positions): SPY +30%, XLK +25%, BIL +17%, EFA +7%, DBC +6%, QQQ +5%, GLD +5%, EEM +4%
2026-07-31 15:48:02    moon sleeve holds $23,588 (ignored); core sizes on $74,102
2026-07-31 15:48:02  equity $74,102 | current 7 core positions
2026-07-31 15:48:02    SELL SPY $4,799 -> target $22,260
2026-07-31 15:48:02    SELL XLK $2,881 -> target $18,281
2026-07-31 15:48:02    BUY BIL $12,909 -> target $12,909
2026-07-31 15:48:02  done.
2026-07-31 16:07:01  data: 23 syms via alpaca, 0 via yahoo fallback
2026-07-31 16:07:01  v12 | regime BULL | VIX 17.1 | expo 1.00 x vol 1.00 x lev 2 x overlay 0.41 [volT 0.41] = gross 0.83
2026-07-31 16:07:01    expert weights: core=0.25 trend2=0.50 tom=0.25
2026-07-31 16:07:01    TARGET book (8 positions): SPY +30%, XLK +25%, BIL +17%, EFA +7%, DBC +6%, QQQ +5%, GLD +5%, EEM +4%
2026-07-31 16:07:02    moon sleeve holds $18,062 (ignored); core sizes on $79,889
2026-07-31 16:07:02  equity $79,889 | current 8 core positions
2026-07-31 16:07:02    BUY SPY $1,692 -> target $23,999
2026-07-31 16:07:02    BUY XLK $1,371 -> target $19,709
2026-07-31 16:07:02  done.
2026-07-31 16:47:21  data: 23 syms via alpaca, 0 via yahoo fallback
2026-07-31 16:47:21  v12 | regime BULL | VIX 17.1 | expo 1.00 x vol 1.00 x lev 2 x overlay 0.41 [volT 0.41] = gross 0.83
2026-07-31 16:47:21    expert weights: core=0.25 trend2=0.50 tom=0.25
2026-07-31 16:47:21    TARGET book (8 positions): SPY +30%, XLK +25%, BIL +17%, EFA +7%, DBC +6%, QQQ +5%, GLD +5%, EEM +4%
2026-07-31 16:47:23    moon sleeve holds $18,196 (ignored); core sizes on $80,043
2026-07-31 16:47:23  equity $80,043 | current 8 core positions
2026-07-31 16:47:23  done.
2026-08-03 16:07:27  data: 23 syms via alpaca, 0 via yahoo fallback
2026-08-03 16:07:27  v12 | regime BULL | VIX 16.0 | expo 1.00 x vol 1.00 x lev 2 x overlay 0.43 [volT 0.43] = gross 0.85
2026-08-03 16:07:27    expert weights: core=0.25 trend2=0.50 tom=0.25
2026-08-03 16:07:27    TARGET book (8 positions): SPY +31%, XLK +25%, BIL +15%, EFA +7%, DBC +6%, QQQ +6%, GLD +6%, EEM +4%
2026-08-03 16:07:29    moon sleeve holds $18,977 (ignored); core sizes on $80,660
2026-08-03 16:07:29  equity $80,660 | current 8 core positions
2026-08-03 16:07:29  done.
2026-08-03 16:34:00  data: 23 syms via alpaca, 0 via yahoo fallback
2026-08-03 16:34:00  v12 | regime BULL | VIX 16.0 | expo 1.00 x vol 1.00 x lev 2 x overlay 0.43 [volT 0.43] = gross 0.85
2026-08-03 16:34:00    expert weights: core=0.25 trend2=0.50 tom=0.25
2026-08-03 16:34:00    TARGET book (8 positions): SPY +31%, XLK +25%, BIL +15%, EFA +7%, DBC +6%, QQQ +6%, GLD +6%, EEM +4%
2026-08-03 16:34:02    moon sleeve holds $19,009 (ignored); core sizes on $80,715
2026-08-03 16:34:02  equity $80,715 | current 8 core positions
2026-08-03 16:34:02  done.
2026-08-03 17:11:10  data: 23 syms via alpaca, 0 via yahoo fallback
2026-08-03 17:11:10  v12 | regime BULL | VIX 16.0 | expo 1.00 x vol 1.00 x lev 2 x overlay 0.43 [volT 0.43] = gross 0.85
2026-08-03 17:11:10    expert weights: core=0.25 trend2=0.50 tom=0.25
2026-08-03 17:11:10    TARGET book (8 positions): SPY +31%, XLK +25%, BIL +15%, EFA +7%, DBC +6%, QQQ +6%, GLD +6%, EEM +4%
2026-08-03 17:11:11    moon sleeve holds $19,037 (ignored); core sizes on $80,745
2026-08-03 17:11:11  equity $80,745 | current 8 core positions
2026-08-03 17:11:11  done.
2026-08-04 16:00:24  data: 23 syms via alpaca, 0 via yahoo fallback
2026-08-04 16:00:24  v12 | regime BULL | VIX 15.9 | expo 1.00 x vol 1.00 x lev 2 x overlay 0.43 [volT 0.43] = gross 0.86
2026-08-04 16:00:24    expert weights: core=0.25 trend2=0.50 tom=0.25
2026-08-04 16:00:24    TARGET book (8 positions): SPY +31%, XLK +25%, BIL +14%, EFA +8%, DBC +6%, GLD +6%, QQQ +5%, EEM +4%
2026-08-04 16:00:27    moon sleeve holds $20,321 (ignored); core sizes on $82,340
2026-08-04 16:00:27  equity $82,340 | current 8 core positions
2026-08-04 16:00:27  done.
2026-08-04 16:19:37  data: 23 syms via alpaca, 0 via yahoo fallback
2026-08-04 16:19:37  v12 | regime BULL | VIX 15.9 | expo 1.00 x vol 1.00 x lev 2 x overlay 0.43 [volT 0.43] = gross 0.86
2026-08-04 16:19:37    expert weights: core=0.25 trend2=0.50 tom=0.25
2026-08-04 16:19:37    TARGET book (8 positions): SPY +31%, XLK +25%, BIL +14%, EFA +8%, DBC +6%, GLD +6%, QQQ +5%, EEM +4%
2026-08-04 16:19:38    moon sleeve holds $20,380 (ignored); core sizes on $82,391
2026-08-04 16:19:38  equity $82,391 | current 8 core positions
2026-08-04 16:19:38  done.
2026-08-04 16:54:07  data: 23 syms via alpaca, 0 via yahoo fallback
2026-08-04 16:54:08  v12 | regime BULL | VIX 15.9 | expo 1.00 x vol 1.00 x lev 2 x overlay 0.43 [volT 0.43] = gross 0.86
2026-08-04 16:54:08    expert weights: core=0.25 trend2=0.50 tom=0.25
2026-08-04 16:54:08    TARGET book (8 positions): SPY +31%, XLK +25%, BIL +14%, EFA +8%, DBC +6%, GLD +6%, QQQ +5%, EEM +4%
2026-08-04 16:54:09    moon sleeve holds $20,427 (ignored); core sizes on $82,501
2026-08-04 16:54:09  equity $82,501 | current 8 core positions
2026-08-04 16:54:09  done.
2026-08-05 15:49:53  data: 23 syms via alpaca, 0 via yahoo fallback
2026-08-05 15:49:53  v12 | regime BULL | VIX 16.5 | expo 1.00 x vol 1.00 x lev 2 x overlay 0.40 [volT 0.40] = gross 0.80
2026-08-05 15:49:53    expert weights: core=0.25 trend2=0.50 tom=0.25
2026-08-05 15:49:53    TARGET book (8 positions): SPY +29%, XLK +24%, BIL +20%, EFA +8%, DBC +6%, GLD +5%, QQQ +5%, EEM +4%
2026-08-05 15:49:55    moon sleeve holds $20,517 (ignored); core sizes on $82,811
2026-08-05 15:49:55  equity $82,811 | current 8 core positions
2026-08-05 15:49:55    SELL QQQ $1,261 -> target $4,049
2026-08-05 15:49:55    SELL XLK $1,627 -> target $19,494
2026-08-05 15:49:55    BUY BIL $3,688 -> target $16,562
2026-08-05 15:49:55  done.
2026-08-05 16:05:32  data: 23 syms via alpaca, 0 via yahoo fallback
2026-08-05 16:05:32  v12 | regime BULL | VIX 16.5 | expo 1.00 x vol 1.00 x lev 2 x overlay 0.40 [volT 0.40] = gross 0.80
2026-08-05 16:05:32    expert weights: core=0.25 trend2=0.50 tom=0.25
2026-08-05 16:05:32    TARGET book (8 positions): SPY +29%, XLK +24%, BIL +20%, EFA +8%, DBC +6%, GLD +5%, QQQ +5%, EEM +4%
2026-08-05 16:05:33    moon sleeve holds $20,437 (ignored); core sizes on $82,775
2026-08-05 16:05:33  equity $82,775 | current 8 core positions
2026-08-05 16:05:33  done.
2026-08-05 16:43:49  data: 23 syms via alpaca, 0 via yahoo fallback
2026-08-05 16:43:49  v12 | regime BULL | VIX 16.5 | expo 1.00 x vol 1.00 x lev 2 x overlay 0.40 [volT 0.40] = gross 0.80
2026-08-05 16:43:49    expert weights: core=0.25 trend2=0.50 tom=0.25
2026-08-05 16:43:49    TARGET book (8 positions): SPY +29%, XLK +24%, BIL +20%, EFA +8%, DBC +6%, GLD +5%, QQQ +5%, EEM +4%
2026-08-05 16:43:51    moon sleeve holds $20,519 (ignored); core sizes on $82,909
2026-08-05 16:43:51  equity $82,909 | current 8 core positions
2026-08-05 16:43:51  done.
2026-08-07 14:38:49  data: 23 syms via alpaca, 0 via yahoo fallback
2026-08-07 14:38:50  v12 | regime BULL | VIX 15.1 | expo 1.00 x vol 1.00 x lev 2 x overlay 0.42 [volT 0.42] = gross 0.83
2026-08-07 14:38:50    expert weights: core=0.25 trend2=0.50 tom=0.25
2026-08-07 14:38:50    TARGET book (8 positions): BIL +38%, XLK +24%, SPY +10%, EFA +8%, DBC +6%, GLD +6%, QQQ +5%, EEM +4%
2026-08-07 14:38:51    moon sleeve holds $20,426 (ignored); core sizes on $83,102
2026-08-07 14:38:51  equity $83,102 | current 8 core positions
2026-08-07 14:38:51    SELL SPY $16,993 -> target $7,961
2026-08-07 14:38:51    BUY BIL $14,628 -> target $31,197
2026-08-07 14:38:51  done.
2026-08-07 15:03:54  data: 23 syms via alpaca, 0 via yahoo fallback
2026-08-07 15:03:54  v12 | regime BULL | VIX 15.1 | expo 1.00 x vol 1.00 x lev 2 x overlay 0.42 [volT 0.42] = gross 0.83
2026-08-07 15:03:54    expert weights: core=0.25 trend2=0.50 tom=0.25
2026-08-07 15:03:54    TARGET book (8 positions): BIL +38%, XLK +24%, SPY +10%, EFA +8%, DBC +6%, GLD +6%, QQQ +5%, EEM +4%
2026-08-07 15:03:55    moon sleeve holds $30,835 (ignored); core sizes on $72,783
2026-08-07 15:03:55  equity $72,783 | current 8 core positions
2026-08-07 15:03:55    SELL BIL $3,875 -> target $27,323
2026-08-07 15:03:55    SELL GLD $1,452 -> target $4,083
2026-08-07 15:03:56    SELL XLK $1,703 -> target $17,832
2026-08-07 15:03:56  done.
2026-08-07 15:58:58  data: 23 syms via alpaca, 0 via yahoo fallback
2026-08-07 15:58:58  v12 | regime BULL | VIX 15.1 | expo 1.00 x vol 1.00 x lev 2 x overlay 0.42 [volT 0.42] = gross 0.83
2026-08-07 15:58:58    expert weights: core=0.25 trend2=0.50 tom=0.25
2026-08-07 15:58:58    TARGET book (8 positions): BIL +38%, XLK +24%, SPY +10%, EFA +8%, DBC +6%, GLD +6%, QQQ +5%, EEM +4%
2026-08-07 15:59:00    moon sleeve holds $30,937 (ignored); core sizes on $72,861
2026-08-07 15:59:00  equity $72,861 | current 8 core positions
2026-08-07 15:59:00  done.
2026-08-10 14:41:48  data: 23 syms via alpaca, 0 via yahoo fallback
2026-08-10 14:41:48  v12 | regime BULL | VIX 14.9 | expo 1.00 x vol 1.00 x lev 2 x overlay 0.42 [volT 0.42] = gross 0.84
2026-08-10 14:41:48    expert weights: core=0.25 trend2=0.50 tom=0.25
2026-08-10 14:41:48    TARGET book (8 positions): BIL +37%, XLK +25%, SPY +10%, EFA +8%, DBC +6%, GLD +6%, QQQ +5%, EEM +4%
2026-08-10 14:41:50    moon sleeve holds $31,116 (ignored); core sizes on $72,991
2026-08-10 14:41:50  equity $72,991 | current 8 core positions
2026-08-10 14:41:50  done.
2026-08-10 15:10:01  data: 23 syms via alpaca, 0 via yahoo fallback
2026-08-10 15:10:02  v12 | regime BULL | VIX 14.9 | expo 1.00 x vol 1.00 x lev 2 x overlay 0.42 [volT 0.42] = gross 0.84
2026-08-10 15:10:02    expert weights: core=0.25 trend2=0.50 tom=0.25
2026-08-10 15:10:02    TARGET book (8 positions): BIL +37%, XLK +25%, SPY +10%, EFA +8%, DBC +6%, GLD +6%, QQQ +5%, EEM +4%
2026-08-10 15:10:03    moon sleeve holds $20,549 (ignored); core sizes on $83,357
2026-08-10 15:10:03  equity $83,357 | current 8 core positions
2026-08-10 15:10:03    BUY BIL $3,507 -> target $30,834
2026-08-10 15:10:03    BUY XLK $2,763 -> target $20,606
2026-08-10 15:10:03  done.
2026-08-10 16:01:37  data: 23 syms via alpaca, 0 via yahoo fallback
2026-08-10 16:01:37  v12 | regime BULL | VIX 14.9 | expo 1.00 x vol 1.00 x lev 2 x overlay 0.42 [volT 0.42] = gross 0.84
2026-08-10 16:01:37    expert weights: core=0.25 trend2=0.50 tom=0.25
2026-08-10 16:01:37    TARGET book (8 positions): BIL +37%, XLK +25%, SPY +10%, EFA +8%, DBC +6%, GLD +6%, QQQ +5%, EEM +4%
2026-08-10 16:01:38    moon sleeve holds $20,654 (ignored); core sizes on $83,488
2026-08-10 16:01:38  equity $83,488 | current 8 core positions
2026-08-10 16:01:38  done.
2026-08-11 14:42:38  data: 23 syms via alpaca, 0 via yahoo fallback
2026-08-11 14:42:38  v12 | regime BULL | VIX 15.5 | expo 1.00 x vol 1.00 x lev 2 x overlay 0.43 [volT 0.43] = gross 0.87
2026-08-11 14:42:38    expert weights: core=0.25 trend2=0.50 tom=0.25
2026-08-11 14:42:38    TARGET book (8 positions): BIL +35%, XLK +26%, SPY +10%, EFA +8%, DBC +6%, GLD +6%, QQQ +5%, EEM +4%
2026-08-11 14:42:40    moon sleeve holds $20,478 (ignored); core sizes on $83,414
2026-08-11 14:42:40  equity $83,414 | current 8 core positions
2026-08-11 14:42:40  done.
2026-08-11 15:10:09  data: 23 syms via alpaca, 0 via yahoo fallback
2026-08-11 15:10:10  v12 | regime BULL | VIX 15.5 | expo 1.00 x vol 1.00 x lev 2 x overlay 0.43 [volT 0.43] = gross 0.87
2026-08-11 15:10:10    expert weights: core=0.25 trend2=0.50 tom=0.25
2026-08-11 15:10:10    TARGET book (8 positions): BIL +35%, XLK +26%, SPY +10%, EFA +8%, DBC +6%, GLD +6%, QQQ +5%, EEM +4%
2026-08-11 15:10:11    moon sleeve holds $20,441 (ignored); core sizes on $83,369
2026-08-11 15:10:11  equity $83,369 | current 8 core positions
2026-08-11 15:10:11  done.
2026-08-11 16:02:26  data: 23 syms via alpaca, 0 via yahoo fallback
2026-08-11 16:02:27  v12 | regime BULL | VIX 15.5 | expo 1.00 x vol 1.00 x lev 2 x overlay 0.43 [volT 0.43] = gross 0.87
2026-08-11 16:02:27    expert weights: core=0.25 trend2=0.50 tom=0.25
2026-08-11 16:02:27    TARGET book (8 positions): BIL +35%, XLK +26%, SPY +10%, EFA +8%, DBC +6%, GLD +6%, QQQ +5%, EEM +4%
2026-08-11 16:02:28    moon sleeve holds $20,342 (ignored); core sizes on $83,294
2026-08-11 16:02:28  equity $83,294 | current 8 core positions
2026-08-11 16:02:28  done.
