2026-07-02 02:01:38  moon sleeve targets: TQQQ 5.7%, SOXL 2.3%
2026-07-02 02:01:38  DRY RUN — no orders.
2026-07-02 02:13:06    VRP: VIX3M/VIX = 1.155 (contango — sell vol)
2026-07-02 02:13:06  moon sleeve targets: TQQQ 4.3%, SOXL 1.7%, SVXY 4.0%
2026-07-02 02:13:06  DRY RUN — no orders.
2026-07-02 00:18:39    VRP: VIX3M/VIX = 1.155 (contango — sell vol)
2026-07-02 00:18:39  moon sleeve targets: TQQQ 4.3%, SOXL 1.7%, SVXY 4.0%
2026-07-02 00:18:40    skip buy SVXY (stock market closed; crypto leg still trades)
2026-07-02 00:18:40    skip buy TQQQ (stock market closed; crypto leg still trades)
2026-07-02 00:18:40  done.
2026-07-02 02:25:23    VRP: VIX3M/VIX = 1.155 (contango — sell vol)
2026-07-02 02:25:24    BURST: trigger quiet — cash (VIX 16.6 vs 10d 17.8)
2026-07-02 02:25:24  moon sleeve targets: TQQQ 4.3%, SOXL 1.7%, SVXY 4.0%
2026-07-02 02:25:24  DRY RUN — no orders.
2026-07-02 00:26:20    VRP: VIX3M/VIX = 1.155 (contango — sell vol)
2026-07-02 00:26:20    BURST: trigger quiet — cash (VIX 16.6 vs 10d 17.8)
2026-07-02 00:26:20  moon sleeve targets: TQQQ 4.3%, SOXL 1.7%, SVXY 4.0%
2026-07-02 00:26:21    skip buy SVXY (stock market closed; crypto leg still trades)
2026-07-02 00:26:21    skip buy TQQQ (stock market closed; crypto leg still trades)
2026-07-02 00:26:21  done.
2026-07-02 11:00:50    VRP: VIX term-structure data missing/stale — leg stands down
2026-07-02 11:00:51    BURST: trigger quiet — cash (VIX 16.6 vs 10d 17.8)
2026-07-02 11:00:51    VIXREG: risk-on — hold TQQQ (VIX 16.6)
2026-07-02 11:00:51  moon sleeve targets: TQQQ 14.3%, SOXL 1.7%
2026-07-02 11:00:51  DRY RUN — no orders.
2026-07-02 09:01:44    VRP: VIX term-structure data missing/stale — leg stands down
2026-07-02 09:01:44    BURST: trigger quiet — cash (VIX 16.6 vs 10d 17.8)
2026-07-02 09:01:44    VIXREG: risk-on — hold TQQQ (VIX 16.6)
2026-07-02 09:01:44  moon sleeve targets: TQQQ 14.3%, SOXL 1.7%
2026-07-02 09:01:46    skip buy TQQQ (stock market closed; crypto leg still trades)
2026-07-02 09:01:46  done.
2026-07-02 17:02:28    VRP: VIX term-structure data missing/stale — leg stands down
2026-07-02 17:02:29    BURST: trigger quiet — cash (VIX 16.6 vs 10d 17.8)
2026-07-02 17:02:29    VIXREG: risk-on — hold TQQQ (VIX 16.6)
2026-07-02 17:02:29  moon sleeve targets: TQQQ 14.3%, SOXL 1.7%
2026-07-02 17:02:30    BUY TQQQ $14,089
2026-07-02 17:02:31  done.
2026-07-03 16:46:27    VRP: VIX term-structure data missing/stale — leg stands down
2026-07-03 16:46:27    BURST: trigger FIRED — deploy (VIX 16.1 vs 10d 17.6)
2026-07-03 16:46:28    VIXREG: risk-on — hold TQQQ (VIX 16.1)
2026-07-03 16:46:28  moon sleeve targets: TQQQ 14.3%, SOXL 1.7%, UPRO 10.0%
2026-07-03 16:46:30    skip buy UPRO (stock market closed; crypto leg still trades)
2026-07-03 16:46:30  done.
2026-07-04 16:16:41    VRP: VIX term-structure data missing/stale — leg stands down
2026-07-04 16:16:41    BURST: trigger FIRED — deploy (VIX 16.1 vs 10d 17.6)
2026-07-04 16:16:41    VIXREG: risk-on — hold TQQQ (VIX 16.1)
2026-07-04 16:16:41  moon sleeve targets: TQQQ 14.3%, SOXL 1.7%, UPRO 10.0%
2026-07-04 16:16:44    skip buy UPRO (stock market closed; crypto leg still trades)
2026-07-04 16:16:44  done.
2026-07-05 16:19:46    VRP: VIX3M/VIX = 1.179 (contango — sell vol)
2026-07-05 16:19:46    BURST: trigger FIRED — deploy (VIX 16.1 vs 10d 17.6)
2026-07-05 16:19:46    VIXREG: risk-on — hold TQQQ (VIX 16.1)
2026-07-05 16:19:46  moon sleeve targets: TQQQ 14.3%, SOXL 1.7%, SVXY 4.0%, UPRO 10.0%
2026-07-05 16:19:48    skip buy SVXY (stock market closed; crypto leg still trades)
2026-07-05 16:19:48    skip buy UPRO (stock market closed; crypto leg still trades)
2026-07-05 16:19:48  done.
2026-07-06 17:51:27    TQQQ: no fresh data — leg runs without it
2026-07-06 17:51:27    SOXL: no fresh data — leg runs without it
2026-07-06 17:51:27    VRP: VIX term-structure data missing/stale — leg stands down
2026-07-06 17:51:27    BURST: QQQ data missing/stale — leg stands down
2026-07-06 17:51:27    VIXREG: data missing/stale — leg stands down
2026-07-06 17:51:27  moon sleeve targets: ALL CASH (nothing trending)
2026-07-06 17:51:29    CLOSE TQQQ ($14,811)
2026-07-06 17:51:29  done.
2026-07-07 13:10:06    VRP: VIX term-structure data missing/stale — FROZEN
2026-07-07 13:10:07    BURST: trigger quiet — cash (VIX 15.6 vs 10d 17.5)
2026-07-07 13:10:08    VIXREG: risk-on — hold TQQQ (VIX 15.6)
2026-07-07 13:10:08    FROZEN this run (data outage — positions untouched): ['SVXY']
2026-07-07 13:10:08  moon sleeve targets: TQQQ 14.3%, SOXL 1.7%
2026-07-07 13:10:08  DRY RUN — no orders.
2026-07-07 17:26:51    VRP: VIX term-structure data missing/stale — FROZEN
2026-07-07 17:26:51    BURST: trigger quiet — cash (VIX 15.6 vs 10d 17.5)
2026-07-07 17:26:51    VIXREG: risk-on — hold TQQQ (VIX 15.6)
2026-07-07 17:26:51    FROZEN this run (data outage — positions untouched): ['SVXY']
2026-07-07 17:26:51  moon sleeve targets: TQQQ 14.3%, SOXL 1.7%
2026-07-07 17:26:53    BUY TQQQ $14,305
2026-07-07 17:26:53  done.
2026-07-07 21:30:37    VRP: VIX3M/VIX = 1.179 (contango — sell vol)
2026-07-07 21:31:06    BURST: trigger quiet — cash (VIX 15.6 vs 10d 17.5)
2026-07-07 21:31:12    VIXREG: risk-on — hold TQQQ (VIX 15.6)
2026-07-07 21:31:12  moon sleeve targets: TQQQ 14.3%, SOXL 1.7%, SVXY 4.0%
2026-07-07 21:31:12  DRY RUN — no orders.
2026-07-07 19:32:19    VRP: VIX3M/VIX = 1.179 (contango — sell vol)
2026-07-07 19:32:20    BURST: trigger quiet — cash (VIX 15.6 vs 10d 17.5)
2026-07-07 19:32:20    VIXREG: risk-on — hold TQQQ (VIX 15.6)
2026-07-07 19:32:20  moon sleeve targets: TQQQ 14.3%, SOXL 1.7%, SVXY 4.0%
2026-07-07 19:32:21    BUY SVXY $3,980
2026-07-07 19:32:21  done.
2026-07-08 16:51:29    VRP: VIX3M/VIX = 1.179 (contango — sell vol)
2026-07-08 16:51:29    BURST: trigger quiet — cash (VIX 16.1 vs 10d 17.4)
2026-07-08 16:51:29    VIXREG: risk-on — hold TQQQ (VIX 16.1)
2026-07-08 16:51:29  moon sleeve targets: TQQQ 14.3%, SOXL 1.7%, SVXY 4.0%
2026-07-08 16:51:30  done.
2026-07-09 10:20:38    VRP: no usable date-aligned VIX3M/VIX pair — FROZEN
2026-07-09 10:20:45    BURST: trigger quiet — cash (VIX 16.9 vs 10d 17.1)
2026-07-09 10:20:53    VIXREG: risk-on — hold TQQQ (VIX 16.9)
2026-07-09 10:20:53    FROZEN this run (data outage — positions untouched): ['SVXY']
2026-07-09 10:20:53  moon sleeve targets: TQQQ 14.3%, SOXL 1.7%
2026-07-09 10:20:53  DRY RUN — no orders.
2026-07-09 10:22:48    VRP: VIX3M/VIX = 1.151 (contango — sell vol)
2026-07-09 10:22:49    BURST: trigger quiet — cash (VIX 16.9 vs 10d 17.1)
2026-07-09 10:22:50    VIXREG: risk-on — hold TQQQ (VIX 16.9)
2026-07-09 10:22:50  moon sleeve targets: TQQQ 14.3%, SOXL 1.7%, SVXY 4.0%
2026-07-09 10:22:50  DRY RUN — no orders.
2026-07-09 08:32:22    VRP: VIX3M/VIX = 1.151 (contango — sell vol)
2026-07-09 08:32:22    BURST: trigger quiet — cash (VIX 16.9 vs 10d 17.1)
2026-07-09 08:32:22    VIXREG: risk-on — hold TQQQ (VIX 16.9)
2026-07-09 08:32:22  moon sleeve targets: TQQQ 14.3%, SOXL 1.7%, SVXY 4.0%
2026-07-09 08:32:23  done.
2026-07-09 16:18:04    VRP: VIX3M/VIX = 1.151 (contango — sell vol)
2026-07-09 16:18:05    BURST: trigger quiet — cash (VIX 16.9 vs 10d 17.1)
2026-07-09 16:18:05    VIXREG: risk-on — hold TQQQ (VIX 16.9)
2026-07-09 16:18:05  moon sleeve targets: TQQQ 14.3%, SOXL 1.7%, SVXY 4.0%
2026-07-09 16:18:08  done.
2026-07-09 16:45:59    VRP: VIX3M/VIX = 1.151 (contango — sell vol)
2026-07-09 16:46:00    BURST: trigger quiet — cash (VIX 16.9 vs 10d 17.1)
2026-07-09 16:46:01    VIXREG: risk-on — hold TQQQ (VIX 16.9)
2026-07-09 16:46:01  moon sleeve targets: TQQQ 14.3%, SOXL 1.7%, SVXY 4.0%
2026-07-09 16:46:02  done.
2026-07-09 17:26:50    VRP: VIX3M/VIX = 1.151 (contango — sell vol)
2026-07-09 17:26:51    BURST: trigger quiet — cash (VIX 16.9 vs 10d 17.1)
2026-07-09 17:26:51    VIXREG: risk-on — hold TQQQ (VIX 16.9)
2026-07-09 17:26:51  moon sleeve targets: TQQQ 14.3%, SOXL 1.7%, SVXY 4.0%
2026-07-09 17:26:52  done.
2026-07-10 16:09:23    VRP: VIX3M/VIX = 1.199 (contango — sell vol)
2026-07-10 16:09:23    BURST: trigger quiet — cash (VIX 15.8 vs 10d 16.9)
2026-07-10 16:09:24    VIXREG: risk-on — hold TQQQ (VIX 15.8)
2026-07-10 16:09:24  moon sleeve targets: TQQQ 14.3%, SOXL 1.7%, SVXY 4.0%
2026-07-10 16:09:25  done.
2026-07-10 16:35:21    VRP: VIX3M/VIX = 1.199 (contango — sell vol)
2026-07-10 16:35:21    BURST: trigger quiet — cash (VIX 15.8 vs 10d 16.9)
2026-07-10 16:35:22    VIXREG: risk-on — hold TQQQ (VIX 15.8)
2026-07-10 16:35:22  moon sleeve targets: TQQQ 14.3%, SOXL 1.7%, SVXY 4.0%
2026-07-10 16:35:23  done.
2026-07-10 17:10:34    VRP: VIX3M/VIX = 1.199 (contango — sell vol)
2026-07-10 17:10:35    BURST: trigger quiet — cash (VIX 15.8 vs 10d 16.9)
2026-07-10 17:10:35    VIXREG: risk-on — hold TQQQ (VIX 15.8)
2026-07-10 17:10:35  moon sleeve targets: TQQQ 14.3%, SOXL 1.7%, SVXY 4.0%
2026-07-10 17:10:37  done.
2026-07-11 14:41:37    VRP: VIX3M/VIX = 1.236 (contango — sell vol)
2026-07-11 14:41:37    BURST: trigger quiet — cash (VIX 15.0 vs 10d 16.5)
2026-07-11 14:41:37    VIXREG: risk-on — hold TQQQ (VIX 15.0)
2026-07-11 14:41:37  moon sleeve targets: TQQQ 14.3%, SOXL 1.7%, SVXY 4.0%
2026-07-11 14:41:39  done.
2026-07-11 15:26:24    VRP: VIX3M/VIX = 1.236 (contango — sell vol)
2026-07-11 15:26:24    BURST: trigger quiet — cash (VIX 15.0 vs 10d 16.5)
2026-07-11 15:26:25    VIXREG: risk-on — hold TQQQ (VIX 15.0)
2026-07-11 15:26:25  moon sleeve targets: TQQQ 14.3%, SOXL 1.7%, SVXY 4.0%
2026-07-11 15:26:28  done.
2026-07-11 16:11:50    VRP: VIX3M/VIX = 1.236 (contango — sell vol)
2026-07-11 16:11:50    BURST: trigger quiet — cash (VIX 15.0 vs 10d 16.5)
2026-07-11 16:11:50    VIXREG: risk-on — hold TQQQ (VIX 15.0)
2026-07-11 16:11:50  moon sleeve targets: TQQQ 14.3%, SOXL 1.7%, SVXY 4.0%
2026-07-11 16:11:52  done.
2026-07-12 14:44:19    VRP: VIX3M/VIX = 1.236 (contango — sell vol)
2026-07-12 14:44:19    BURST: trigger quiet — cash (VIX 15.0 vs 10d 16.5)
2026-07-12 14:44:20    VIXREG: risk-on — hold TQQQ (VIX 15.0)
2026-07-12 14:44:20  moon sleeve targets: TQQQ 14.3%, SOXL 1.7%, SVXY 4.0%
2026-07-12 14:44:21  done.
2026-07-12 15:27:51    VRP: VIX3M/VIX = 1.236 (contango — sell vol)
2026-07-12 15:27:51    BURST: trigger quiet — cash (VIX 15.0 vs 10d 16.5)
2026-07-12 15:27:52    VIXREG: risk-on — hold TQQQ (VIX 15.0)
2026-07-12 15:27:52  moon sleeve targets: TQQQ 14.3%, SOXL 1.7%, SVXY 4.0%
2026-07-12 15:27:53  done.
2026-07-12 16:14:15    VRP: VIX3M/VIX = 1.236 (contango — sell vol)
2026-07-12 16:14:15    BURST: trigger quiet — cash (VIX 15.0 vs 10d 16.5)
2026-07-12 16:14:15    VIXREG: risk-on — hold TQQQ (VIX 15.0)
2026-07-12 16:14:15  moon sleeve targets: TQQQ 14.3%, SOXL 1.7%, SVXY 4.0%
2026-07-12 16:14:16  done.
2026-07-13 16:16:00    VRP: VIX3M/VIX = 1.236 (contango — sell vol)
2026-07-13 16:16:01    BURST: trigger quiet — cash (VIX 15.0 vs 10d 16.5)
2026-07-13 16:16:02    VIXREG: risk-on — hold TQQQ (VIX 15.0)
2026-07-13 16:16:02  moon sleeve targets: TQQQ 14.3%, SOXL 1.7%, SVXY 4.0%
2026-07-13 16:16:03  done.
2026-07-13 16:44:47    VRP: VIX3M/VIX = 1.236 (contango — sell vol)
2026-07-13 16:44:47    BURST: trigger quiet — cash (VIX 15.0 vs 10d 16.5)
2026-07-13 16:44:47    VIXREG: risk-on — hold TQQQ (VIX 15.0)
2026-07-13 16:44:47  moon sleeve targets: TQQQ 14.3%, SOXL 1.7%, SVXY 4.0%
2026-07-13 16:44:48  done.
2026-07-13 17:23:44    VRP: VIX3M/VIX = 1.236 (contango — sell vol)
2026-07-13 17:23:44    BURST: trigger quiet — cash (VIX 15.0 vs 10d 16.5)
2026-07-13 17:23:45    VIXREG: risk-on — hold TQQQ (VIX 15.0)
2026-07-13 17:23:45  moon sleeve targets: TQQQ 14.3%, SOXL 1.7%, SVXY 4.0%
2026-07-13 17:23:46  done.
2026-07-14 15:13:14    VRP: VIX3M/VIX = 1.145 (contango — sell vol)
2026-07-14 15:13:14    BURST: trigger quiet — cash (VIX 17.2 vs 10d 16.3)
2026-07-14 15:13:14    VIXREG: risk-on — hold TQQQ (VIX 17.2)
2026-07-14 15:13:14  moon sleeve targets: TQQQ 14.3%, SOXL 1.7%, SVXY 4.0%
2026-07-14 15:13:15  done.
2026-07-14 15:50:55    VRP: VIX3M/VIX = 1.145 (contango — sell vol)
2026-07-14 15:50:56    BURST: trigger quiet — cash (VIX 17.2 vs 10d 16.3)
2026-07-14 15:50:57    VIXREG: risk-on — hold TQQQ (VIX 17.2)
2026-07-14 15:50:57  moon sleeve targets: TQQQ 14.3%, SOXL 1.7%, SVXY 4.0%
2026-07-14 15:50:58  done.
2026-07-14 16:39:34    VRP: VIX3M/VIX = 1.145 (contango — sell vol)
2026-07-14 16:39:34    BURST: trigger quiet — cash (VIX 17.2 vs 10d 16.3)
2026-07-14 16:39:35    VIXREG: risk-on — hold TQQQ (VIX 17.2)
2026-07-14 16:39:35  moon sleeve targets: TQQQ 14.3%, SOXL 1.7%, SVXY 4.0%
2026-07-14 16:39:35  done.
2026-07-15 11:40:06  ONCLOSE: outside the 15:00-15:50 ET window (05:40 ET) — skip (morning runs cover it)
2026-07-15 09:40:47  ONCLOSE: outside the 15:00-15:50 ET window (05:40 ET) — skip (morning runs cover it)
2026-07-15 15:13:48    VRP: VIX3M/VIX = 1.145 (contango — sell vol)
2026-07-15 15:13:49    BURST: trigger quiet — cash (VIX 17.2 vs 10d 16.3)
2026-07-15 15:13:50    VIXREG: risk-on — hold TQQQ (VIX 17.2)
2026-07-15 15:13:50  moon sleeve targets: TQQQ 14.3%, SOXL 1.7%, SVXY 4.0%
2026-07-15 15:13:51  done.
2026-07-15 15:55:40    VRP: VIX3M/VIX = 1.170 (contango — sell vol)
2026-07-15 15:55:41    BURST: trigger quiet — cash (VIX 16.5 vs 10d 16.2)
2026-07-15 15:55:41    VIXREG: risk-on — hold TQQQ (VIX 16.5)
2026-07-15 15:55:41  moon sleeve targets: TQQQ 14.3%, SOXL 1.7%, SVXY 4.0%
2026-07-15 15:55:42  done.
2026-07-15 16:46:23    VRP: VIX3M/VIX = 1.170 (contango — sell vol)
2026-07-15 16:46:24    BURST: trigger quiet — cash (VIX 16.5 vs 10d 16.2)
2026-07-15 16:46:24    VIXREG: risk-on — hold TQQQ (VIX 16.5)
2026-07-15 16:46:24  moon sleeve targets: TQQQ 14.3%, SOXL 1.7%, SVXY 4.0%
2026-07-15 16:46:26  done.
2026-07-15 19:57:34  ONCLOSE: outside the 15:00-15:50 ET window (15:57 ET) — skip (morning runs cover it)
2026-07-15 20:17:37  ONCLOSE: outside the 15:00-15:50 ET window (16:17 ET) — skip (morning runs cover it)
2026-07-16 15:22:00    VRP: VIX3M/VIX = 1.207 (contango — sell vol)
2026-07-16 15:22:00    BURST: trigger quiet — cash (VIX 15.7 vs 10d 16.2)
2026-07-16 15:22:01    VIXREG: risk-on — hold TQQQ (VIX 15.7)
2026-07-16 15:22:01  moon sleeve targets: TQQQ 14.3%, SOXL 1.7%, SVXY 4.0%
2026-07-16 15:22:03  done.
2026-07-16 15:49:44    VRP: VIX3M/VIX = 1.207 (contango — sell vol)
2026-07-16 15:49:44    BURST: trigger quiet — cash (VIX 15.7 vs 10d 16.2)
2026-07-16 15:49:45    VIXREG: risk-on — hold TQQQ (VIX 15.7)
2026-07-16 15:49:45  moon sleeve targets: TQQQ 14.3%, SOXL 1.7%, SVXY 4.0%
2026-07-16 15:49:46  done.
2026-07-16 16:43:07    VRP: VIX3M/VIX = 1.207 (contango — sell vol)
2026-07-16 16:43:07    BURST: trigger quiet — cash (VIX 15.7 vs 10d 16.2)
2026-07-16 16:43:08    VIXREG: risk-on — hold TQQQ (VIX 15.7)
2026-07-16 16:43:08  moon sleeve targets: TQQQ 14.3%, SOXL 1.7%, SVXY 4.0%
2026-07-16 16:43:08  done.
2026-07-16 19:37:33  ONCLOSE: burst on provisional close 703.81 -> FIRED
2026-07-16 19:37:34  ONCLOSE: BUY 69 UPRO at the close (~$9,832, CLS)
2026-07-16 19:45:55  ONCLOSE: burst on provisional close 703.61 -> FIRED
2026-07-16 19:45:55  ONCLOSE: BUY 69 UPRO at the close (~$9,809, CLS)
2026-07-16 19:45:56  ONCLOSE: already submitted today — skipped
2026-07-16 20:03:22  ONCLOSE: outside the 15:00-15:50 ET window (16:03 ET) — skip (morning runs cover it)
2026-07-17 15:03:11    VRP: VIX3M/VIX = 1.166 (contango — sell vol)
2026-07-17 15:03:11    BURST: trigger FIRED — deploy (VIX 16.7 vs 10d 16.2)
2026-07-17 15:03:12    VIXREG: risk-on — hold TQQQ (VIX 16.7)
2026-07-17 15:03:12  moon sleeve targets: TQQQ 14.3%, SOXL 1.7%, SVXY 4.0%, UPRO 10.0%
2026-07-17 15:03:13  done.
2026-07-17 15:47:16    VRP: VIX3M/VIX = 1.166 (contango — sell vol)
2026-07-17 15:47:16    BURST: trigger FIRED — deploy (VIX 16.7 vs 10d 16.2)
2026-07-17 15:47:16    VIXREG: risk-on — hold TQQQ (VIX 16.7)
2026-07-17 15:47:16  moon sleeve targets: TQQQ 14.3%, SOXL 1.7%, SVXY 4.0%, UPRO 10.0%
2026-07-17 15:47:17  done.
2026-07-17 16:35:42    VRP: VIX3M/VIX = 1.166 (contango — sell vol)
2026-07-17 16:35:43    BURST: trigger FIRED — deploy (VIX 16.7 vs 10d 16.2)
2026-07-17 16:35:43    VIXREG: risk-on — hold TQQQ (VIX 16.7)
2026-07-17 16:35:43  moon sleeve targets: TQQQ 14.3%, SOXL 1.7%, SVXY 4.0%, UPRO 10.0%
2026-07-17 16:35:43  done.
2026-07-17 19:37:34  ONCLOSE: burst on provisional close 696.74 -> FIRED
2026-07-17 19:37:34  ONCLOSE: burst position already on — nothing to do
2026-07-17 19:46:45  ONCLOSE: burst on provisional close 695.87 -> FIRED
2026-07-17 19:46:45  ONCLOSE: burst position already on — nothing to do
2026-07-17 20:06:28  ONCLOSE: outside the 15:00-15:50 ET window (16:06 ET) — skip (morning runs cover it)
2026-07-18 14:42:00    VRP: VIX3M/VIX = 1.094 (contango — sell vol)
2026-07-18 14:42:00    BURST: trigger FIRED — deploy (VIX 18.8 vs 10d 16.4)
2026-07-18 14:42:01    VIXREG: risk-on — hold TQQQ (VIX 18.8)
2026-07-18 14:42:01  moon sleeve targets: TQQQ 14.3%, SOXL 1.7%, SVXY 4.0%, UPRO 10.0%
2026-07-18 14:42:02  done.
2026-07-18 15:18:07    VRP: VIX3M/VIX = 1.094 (contango — sell vol)
2026-07-18 15:18:07    BURST: trigger FIRED — deploy (VIX 18.8 vs 10d 16.4)
2026-07-18 15:18:08    VIXREG: risk-on — hold TQQQ (VIX 18.8)
2026-07-18 15:18:08  moon sleeve targets: TQQQ 14.3%, SOXL 1.7%, SVXY 4.0%, UPRO 10.0%
2026-07-18 15:18:10  done.
2026-07-18 16:11:31    VRP: VIX3M/VIX = 1.094 (contango — sell vol)
2026-07-18 16:11:32    BURST: trigger FIRED — deploy (VIX 18.8 vs 10d 16.4)
2026-07-18 16:11:32    VIXREG: risk-on — hold TQQQ (VIX 18.8)
2026-07-18 16:11:32  moon sleeve targets: TQQQ 14.3%, SOXL 1.7%, SVXY 4.0%, UPRO 10.0%
2026-07-18 16:11:34  done.
2026-07-19 14:43:30    VRP: VIX3M/VIX = 1.094 (contango — sell vol)
2026-07-19 14:43:31    BURST: trigger FIRED — deploy (VIX 18.8 vs 10d 16.4)
2026-07-19 14:43:31    VIXREG: risk-on — hold TQQQ (VIX 18.8)
2026-07-19 14:43:31  moon sleeve targets: TQQQ 14.3%, SOXL 1.7%, SVXY 4.0%, UPRO 10.0%
2026-07-19 14:43:33  done.
2026-07-19 15:26:06    VRP: VIX3M/VIX = 1.094 (contango — sell vol)
2026-07-19 15:26:07    BURST: trigger FIRED — deploy (VIX 18.8 vs 10d 16.4)
2026-07-19 15:26:07    VIXREG: risk-on — hold TQQQ (VIX 18.8)
2026-07-19 15:26:07  moon sleeve targets: TQQQ 14.3%, SOXL 1.7%, SVXY 4.0%, UPRO 10.0%
2026-07-19 15:26:07  done.
2026-07-19 16:11:52    VRP: VIX3M/VIX = 1.094 (contango — sell vol)
2026-07-19 16:11:52    BURST: trigger FIRED — deploy (VIX 18.8 vs 10d 16.4)
2026-07-19 16:11:52    VIXREG: risk-on — hold TQQQ (VIX 18.8)
2026-07-19 16:11:52  moon sleeve targets: TQQQ 14.3%, SOXL 1.7%, SVXY 4.0%, UPRO 10.0%
2026-07-19 16:11:53  done.
2026-07-20 15:40:44    VRP: VIX3M/VIX = 1.094 (contango — sell vol)
2026-07-20 15:40:45    BURST: trigger FIRED — deploy (VIX 18.8 vs 10d 16.4)
2026-07-20 15:40:45    VIXREG: risk-on — hold TQQQ (VIX 18.8)
2026-07-20 15:40:45  moon sleeve targets: TQQQ 14.3%, SOXL 1.7%, SVXY 4.0%, UPRO 10.0%
2026-07-20 15:40:47  done.
2026-07-20 16:03:41    VRP: VIX3M/VIX = 1.094 (contango — sell vol)
2026-07-20 16:03:41    BURST: trigger FIRED — deploy (VIX 18.8 vs 10d 16.4)
2026-07-20 16:03:41    VIXREG: risk-on — hold TQQQ (VIX 18.8)
2026-07-20 16:03:41  moon sleeve targets: TQQQ 14.3%, SOXL 1.7%, SVXY 4.0%, UPRO 10.0%
2026-07-20 16:03:43  done.
2026-07-20 16:45:15    VRP: VIX3M/VIX = 1.094 (contango — sell vol)
2026-07-20 16:45:15    BURST: trigger FIRED — deploy (VIX 18.8 vs 10d 16.4)
2026-07-20 16:45:15    VIXREG: risk-on — hold TQQQ (VIX 18.8)
2026-07-20 16:45:15  moon sleeve targets: TQQQ 14.3%, SOXL 1.7%, SVXY 4.0%, UPRO 10.0%
2026-07-20 16:45:17  done.
2026-07-20 20:00:34  ONCLOSE: outside the 15:00-15:50 ET window (16:00 ET) — skip (morning runs cover it)
2026-07-20 20:12:26  ONCLOSE: outside the 15:00-15:50 ET window (16:12 ET) — skip (morning runs cover it)
2026-07-20 20:22:18  ONCLOSE: outside the 15:00-15:50 ET window (16:22 ET) — skip (morning runs cover it)
2026-07-21 15:26:40    VRP: VIX3M/VIX = 1.094 (contango — sell vol)
2026-07-21 15:26:40    BURST: trigger quiet — cash (VIX 18.6 vs 10d 16.7)
2026-07-21 15:26:41    VIXREG: risk-on — hold TQQQ (VIX 18.6)
2026-07-21 15:26:41  moon sleeve targets: TQQQ 14.3%, SOXL 1.7%, SVXY 4.0%
2026-07-21 15:26:42    CLOSE UPRO ($9,770)
2026-07-21 15:26:42  done.
2026-07-21 15:55:49    VRP: VIX3M/VIX = 1.094 (contango — sell vol)
2026-07-21 15:55:49    BURST: trigger quiet — cash (VIX 18.6 vs 10d 16.7)
2026-07-21 15:55:50    VIXREG: risk-on — hold TQQQ (VIX 18.6)
2026-07-21 15:55:50  moon sleeve targets: TQQQ 14.3%, SOXL 1.7%, SVXY 4.0%
2026-07-21 15:55:50  done.
2026-07-21 16:43:50    VRP: VIX3M/VIX = 1.094 (contango — sell vol)
2026-07-21 16:43:51    BURST: trigger quiet — cash (VIX 18.6 vs 10d 16.7)
2026-07-21 16:43:51    VIXREG: risk-on — hold TQQQ (VIX 18.6)
2026-07-21 16:43:51  moon sleeve targets: TQQQ 14.3%, SOXL 1.7%, SVXY 4.0%
2026-07-21 16:43:52  done.
2026-07-21 19:57:11  ONCLOSE: outside the 15:00-15:50 ET window (15:57 ET) — skip (morning runs cover it)
2026-07-21 20:05:58  ONCLOSE: outside the 15:00-15:50 ET window (16:05 ET) — skip (morning runs cover it)
2026-07-21 20:19:26  ONCLOSE: outside the 15:00-15:50 ET window (16:19 ET) — skip (morning runs cover it)
2026-07-22 15:23:34    VRP: VIX3M/VIX = 1.149 (contango — sell vol)
2026-07-22 15:23:34    BURST: trigger quiet — cash (VIX 17.0 vs 10d 16.8)
2026-07-22 15:23:34    VIXREG: risk-on — hold TQQQ (VIX 17.0)
2026-07-22 15:23:34  moon sleeve targets: TQQQ 14.3%, SOXL 1.7%, SVXY 4.0%
2026-07-22 15:23:35    BUY TQQQ $14,301
2026-07-22 15:23:35  done.
2026-07-22 15:53:50    VRP: VIX3M/VIX = 1.149 (contango — sell vol)
2026-07-22 15:53:50    BURST: trigger quiet — cash (VIX 17.0 vs 10d 16.8)
2026-07-22 15:53:50    VIXREG: risk-on — hold TQQQ (VIX 17.0)
2026-07-22 15:53:50  moon sleeve targets: TQQQ 14.3%, SOXL 1.7%, SVXY 4.0%
2026-07-22 15:53:51    BUY TQQQ $14,302
2026-07-22 15:53:51      TQQQ: already sent today — skipped
2026-07-22 15:53:51  done.
2026-07-22 16:49:16    VRP: VIX3M/VIX = 1.149 (contango — sell vol)
2026-07-22 16:49:16    BURST: trigger quiet — cash (VIX 17.0 vs 10d 16.8)
2026-07-22 16:49:17    VIXREG: risk-on — hold TQQQ (VIX 17.0)
2026-07-22 16:49:17  moon sleeve targets: TQQQ 14.3%, SOXL 1.7%, SVXY 4.0%
2026-07-22 16:49:18    BUY TQQQ $14,294
2026-07-22 16:49:18      TQQQ: already sent today — skipped
2026-07-22 16:49:18  done.
2026-07-22 19:50:22  ONCLOSE: burst on provisional close 706.50 -> quiet
2026-07-22 19:56:33  ONCLOSE: outside the 15:00-15:50 ET window (15:56 ET) — skip (morning runs cover it)
2026-07-22 20:12:31  ONCLOSE: outside the 15:00-15:50 ET window (16:12 ET) — skip (morning runs cover it)
2026-07-23 15:45:32    VRP: VIX3M/VIX = 1.174 (contango — sell vol)
2026-07-23 15:45:33    BURST: trigger quiet — cash (VIX 16.6 vs 10d 16.8)
2026-07-23 15:45:33    VIXREG: risk-on — hold TQQQ (VIX 16.6)
2026-07-23 15:45:33  moon sleeve targets: TQQQ 14.3%, SOXL 1.7%, SVXY 4.0%
2026-07-23 15:45:34    BUY TQQQ $14,138
2026-07-23 15:45:35      order failed TQQQ: {"buying_power":"3396.76","code":40310000,"cost_basis":"14138.31","message":"insufficient buying power"}
2026-07-23 15:45:35  done.
2026-07-23 16:04:10    VRP: VIX3M/VIX = 1.174 (contango — sell vol)
2026-07-23 16:04:11    BURST: trigger quiet — cash (VIX 16.6 vs 10d 16.8)
2026-07-23 16:04:12    VIXREG: risk-on — hold TQQQ (VIX 16.6)
2026-07-23 16:04:12  moon sleeve targets: TQQQ 14.3%, SOXL 1.7%, SVXY 4.0%
2026-07-23 16:04:13    BUY TQQQ $14,172
2026-07-23 16:04:13      order failed TQQQ: {"buying_power":"3396.76","code":40310000,"cost_basis":"14172.23","message":"insufficient buying power"}
2026-07-23 16:04:13  done.
2026-07-23 16:48:25    VRP: VIX3M/VIX = 1.174 (contango — sell vol)
2026-07-23 16:48:25    BURST: trigger quiet — cash (VIX 16.6 vs 10d 16.8)
2026-07-23 16:48:25    VIXREG: risk-on — hold TQQQ (VIX 16.6)
2026-07-23 16:48:25  moon sleeve targets: TQQQ 14.3%, SOXL 1.7%, SVXY 4.0%
2026-07-23 16:48:26    BUY TQQQ $14,180
2026-07-23 16:48:26      order failed TQQQ: {"buying_power":"3396.76","code":40310000,"cost_basis":"14179.54","message":"insufficient buying power"}
2026-07-23 16:48:26  done.
2026-07-23 19:51:41  ONCLOSE: outside the 15:00-15:50 ET window (15:51 ET) — skip (morning runs cover it)
2026-07-23 20:00:14  ONCLOSE: outside the 15:00-15:50 ET window (16:00 ET) — skip (morning runs cover it)
2026-07-23 20:13:35  ONCLOSE: outside the 15:00-15:50 ET window (16:13 ET) — skip (morning runs cover it)
2026-07-24 15:18:04    VRP: VIX3M/VIX = 1.102 (contango — sell vol)
2026-07-24 15:18:04    BURST: trigger FIRED — deploy (VIX 18.7 vs 10d 17.1)
2026-07-24 15:18:05    VIXREG: risk-on — hold TQQQ (VIX 18.7)
2026-07-24 15:18:05  moon sleeve targets: TQQQ 14.3%, SOXL 1.7%, SVXY 4.0%, UPRO 10.0%
2026-07-24 15:18:06    BUY TQQQ $14,150
2026-07-24 15:18:06    BUY UPRO $9,893
2026-07-24 15:18:06  done.
2026-07-24 15:48:16    VRP: VIX3M/VIX = 1.102 (contango — sell vol)
2026-07-24 15:48:16    BURST: trigger FIRED — deploy (VIX 18.7 vs 10d 17.1)
2026-07-24 15:48:16    VIXREG: risk-on — hold TQQQ (VIX 18.7)
2026-07-24 15:48:16  moon sleeve targets: TQQQ 14.3%, SOXL 1.7%, SVXY 4.0%, UPRO 10.0%
2026-07-24 15:48:18  done.
2026-07-24 16:58:43    VRP: VIX3M/VIX = 1.102 (contango — sell vol)
2026-07-24 16:58:43    BURST: trigger FIRED — deploy (VIX 18.7 vs 10d 17.1)
2026-07-24 16:58:44    VIXREG: risk-on — hold TQQQ (VIX 18.7)
2026-07-24 16:58:44  moon sleeve targets: TQQQ 14.3%, SOXL 1.7%, SVXY 4.0%, UPRO 10.0%
2026-07-24 16:58:45  done.
2026-07-24 19:51:48  ONCLOSE: outside the 15:00-15:50 ET window (15:51 ET) — skip (morning runs cover it)
2026-07-24 20:01:51  ONCLOSE: outside the 15:00-15:50 ET window (16:01 ET) — skip (morning runs cover it)
2026-07-24 20:20:50  ONCLOSE: outside the 15:00-15:50 ET window (16:20 ET) — skip (morning runs cover it)
2026-07-25 14:51:32    VRP: VIX3M/VIX = 1.104 (contango — sell vol)
2026-07-25 14:51:32    BURST: trigger FIRED — deploy (VIX 18.6 vs 10d 17.4)
2026-07-25 14:51:32    VIXREG: risk-on — hold TQQQ (VIX 18.6)
2026-07-25 14:51:32  moon sleeve targets: TQQQ 14.3%, SOXL 1.7%, SVXY 4.0%, UPRO 10.0%
2026-07-25 14:51:33  done.
2026-07-25 15:31:49    VRP: VIX3M/VIX = 1.102 (contango — sell vol)
2026-07-25 15:31:50    BURST: trigger FIRED — deploy (VIX 18.7 vs 10d 17.1)
2026-07-25 15:31:50    VIXREG: risk-on — hold TQQQ (VIX 18.7)
2026-07-25 15:31:50  moon sleeve targets: TQQQ 14.3%, SOXL 1.7%, SVXY 4.0%, UPRO 10.0%
2026-07-25 15:31:51  done.
2026-07-25 16:12:59    VRP: VIX3M/VIX = 1.104 (contango — sell vol)
2026-07-25 16:12:59    BURST: trigger FIRED — deploy (VIX 18.6 vs 10d 17.4)
2026-07-25 16:13:00    VIXREG: risk-on — hold TQQQ (VIX 18.6)
2026-07-25 16:13:00  moon sleeve targets: TQQQ 14.3%, SOXL 1.7%, SVXY 4.0%, UPRO 10.0%
2026-07-25 16:13:02  done.
2026-07-26 14:53:57    VRP: VIX3M/VIX = 1.102 (contango — sell vol)
2026-07-26 14:53:58    BURST: trigger FIRED — deploy (VIX 18.7 vs 10d 17.1)
2026-07-26 14:53:58    VIXREG: risk-on — hold TQQQ (VIX 18.7)
2026-07-26 14:53:58  moon sleeve targets: TQQQ 14.3%, SOXL 1.7%, SVXY 4.0%, UPRO 10.0%
2026-07-26 14:54:00  done.
2026-07-26 15:33:32    VRP: VIX3M/VIX = 1.104 (contango — sell vol)
2026-07-26 15:33:32    BURST: trigger FIRED — deploy (VIX 18.6 vs 10d 17.4)
2026-07-26 15:33:32    VIXREG: risk-on — hold TQQQ (VIX 18.6)
2026-07-26 15:33:32  moon sleeve targets: TQQQ 14.3%, SOXL 1.7%, SVXY 4.0%, UPRO 10.0%
2026-07-26 15:33:33  done.
2026-07-26 16:14:57    VRP: VIX3M/VIX = 1.104 (contango — sell vol)
2026-07-26 16:14:57    BURST: trigger FIRED — deploy (VIX 18.6 vs 10d 17.4)
2026-07-26 16:14:57    VIXREG: risk-on — hold TQQQ (VIX 18.6)
2026-07-26 16:14:57  moon sleeve targets: TQQQ 14.3%, SOXL 1.7%, SVXY 4.0%, UPRO 10.0%
2026-07-26 16:14:58  done.
2026-07-27 16:04:57    VRP: VIX3M/VIX = 1.104 (contango — sell vol)
2026-07-27 16:04:57    BURST: trigger FIRED — deploy (VIX 18.6 vs 10d 17.4)
2026-07-27 16:04:57    VIXREG: risk-on — hold TQQQ (VIX 18.6)
2026-07-27 16:04:57  moon sleeve targets: TQQQ 14.3%, SOXL 1.7%, SVXY 4.0%, UPRO 10.0%
2026-07-27 16:04:58  done.
2026-07-27 16:35:43    VRP: VIX3M/VIX = 1.104 (contango — sell vol)
2026-07-27 16:35:44    BURST: trigger FIRED — deploy (VIX 18.6 vs 10d 17.4)
2026-07-27 16:35:44    VIXREG: risk-on — hold TQQQ (VIX 18.6)
2026-07-27 16:35:44  moon sleeve targets: TQQQ 14.3%, SOXL 1.7%, SVXY 4.0%, UPRO 10.0%
2026-07-27 16:35:45  done.
2026-07-27 17:11:54    VRP: VIX data missing/stale — FROZEN
2026-07-27 17:11:55    BURST: trigger FIRED — deploy
2026-07-27 17:11:55    VIXREG: risk-on — hold TQQQ (VIX 18.7)
2026-07-27 17:11:55    FROZEN this run (data outage — positions untouched): ['SVXY']
2026-07-27 17:11:55  moon sleeve targets: TQQQ 14.3%, SOXL 1.7%, UPRO 10.0%
2026-07-27 17:11:56  done.
2026-07-27 19:47:41  ONCLOSE: burst on provisional close 681.48 -> FIRED
2026-07-27 19:47:41  ONCLOSE: burst position already on — nothing to do
2026-07-27 20:00:19  ONCLOSE: outside the 15:00-15:50 ET window (16:00 ET) — skip (morning runs cover it)
2026-07-27 20:08:59  ONCLOSE: outside the 15:00-15:50 ET window (16:08 ET) — skip (morning runs cover it)
2026-07-27 20:23:37  ONCLOSE: outside the 15:00-15:50 ET window (16:23 ET) — skip (morning runs cover it)
2026-07-28 15:54:50    VRP: VIX3M/VIX = 1.082 (contango — sell vol)
2026-07-28 15:54:50    BURST: trigger FIRED — deploy (VIX 18.7 vs 10d 17.6)
2026-07-28 15:54:51    VIXREG: risk-on — hold TQQQ (VIX 18.7)
2026-07-28 15:54:51  moon sleeve targets: TQQQ 14.3%, SOXL 1.7%, SVXY 4.0%, UPRO 10.0%
2026-07-28 15:54:52  done.
2026-07-28 16:16:41    VRP: VIX3M/VIX = 1.082 (contango — sell vol)
2026-07-28 16:16:41    BURST: trigger FIRED — deploy (VIX 18.7 vs 10d 17.6)
2026-07-28 16:16:41    VIXREG: risk-on — hold TQQQ (VIX 18.7)
2026-07-28 16:16:41  moon sleeve targets: TQQQ 14.3%, SOXL 1.7%, SVXY 4.0%, UPRO 10.0%
2026-07-28 16:16:43  done.
2026-07-28 16:52:08    VRP: VIX3M/VIX = 1.082 (contango — sell vol)
2026-07-28 16:52:08    BURST: trigger FIRED — deploy (VIX 18.7 vs 10d 17.6)
2026-07-28 16:52:09    VIXREG: risk-on — hold TQQQ (VIX 18.7)
2026-07-28 16:52:09  moon sleeve targets: TQQQ 14.3%, SOXL 1.7%, SVXY 4.0%, UPRO 10.0%
2026-07-28 16:52:09  done.
2026-07-28 19:46:44  ONCLOSE: burst on provisional close 675.92 -> FIRED
2026-07-28 19:46:44  ONCLOSE: burst position already on — nothing to do
2026-07-28 19:57:04  ONCLOSE: outside the 15:00-15:50 ET window (15:57 ET) — skip (morning runs cover it)
2026-07-28 20:05:47  ONCLOSE: outside the 15:00-15:50 ET window (16:05 ET) — skip (morning runs cover it)
2026-07-28 20:16:07  ONCLOSE: outside the 15:00-15:50 ET window (16:16 ET) — skip (morning runs cover it)
2026-07-29 15:42:46    VRP: VIX3M/VIX = 1.091 (contango — sell vol)
2026-07-29 15:42:46    BURST: trigger FIRED — deploy (VIX 18.2 vs 10d 17.8)
2026-07-29 15:42:47    VIXREG: risk-on — hold TQQQ (VIX 18.2)
2026-07-29 15:42:47  moon sleeve targets: TQQQ 14.3%, SOXL 1.7%, SVXY 4.0%, UPRO 10.0%
2026-07-29 15:42:48  done.
2026-07-29 15:58:56    VRP: VIX3M/VIX = 1.091 (contango — sell vol)
2026-07-29 15:58:57    BURST: trigger FIRED — deploy (VIX 18.2 vs 10d 17.8)
2026-07-29 15:58:57    VIXREG: risk-on — hold TQQQ (VIX 18.2)
2026-07-29 15:58:57  moon sleeve targets: TQQQ 14.3%, SOXL 1.7%, SVXY 4.0%, UPRO 10.0%
2026-07-29 15:58:58  done.
2026-07-29 16:39:16    VRP: VIX3M/VIX = 1.091 (contango — sell vol)
2026-07-29 16:39:16    BURST: trigger FIRED — deploy (VIX 18.2 vs 10d 17.8)
2026-07-29 16:39:16    VIXREG: risk-on — hold TQQQ (VIX 18.2)
2026-07-29 16:39:16  moon sleeve targets: TQQQ 14.3%, SOXL 1.7%, SVXY 4.0%, UPRO 10.0%
2026-07-29 16:39:17  done.
2026-07-29 19:37:53  ONCLOSE: burst on provisional close 667.68 -> FIRED
2026-07-29 19:37:53  ONCLOSE: burst position already on — nothing to do
2026-07-29 19:49:47  ONCLOSE: burst on provisional close 665.68 -> FIRED
2026-07-29 19:49:47  ONCLOSE: burst position already on — nothing to do
2026-07-29 19:59:50  ONCLOSE: outside the 15:00-15:50 ET window (15:59 ET) — skip (morning runs cover it)
2026-07-29 20:13:14  ONCLOSE: outside the 15:00-15:50 ET window (16:13 ET) — skip (morning runs cover it)
2026-07-30 15:43:37    VRP: VIX3M/VIX = 1.041 (contango — sell vol)
2026-07-30 15:43:38    BURST: trigger FIRED — deploy (VIX 20.7 vs 10d 18.3)
2026-07-30 15:43:39    VIXREG: risk-on — hold TQQQ (VIX 20.7)
2026-07-30 15:43:39  moon sleeve targets: SVXY 4.0%, UPRO 10.0%, TQQQ 10.0%
2026-07-30 15:43:40    SELL TQQQ $3,740
2026-07-30 15:43:40  done.
2026-07-30 16:01:45    VRP: VIX3M/VIX = 1.041 (contango — sell vol)
2026-07-30 16:01:46    BURST: trigger FIRED — deploy (VIX 20.7 vs 10d 18.3)
2026-07-30 16:01:46    VIXREG: risk-on — hold TQQQ (VIX 20.7)
2026-07-30 16:01:46  moon sleeve targets: SVXY 4.0%, UPRO 10.0%, TQQQ 10.0%
2026-07-30 16:01:47  done.
2026-07-30 16:51:03    VRP: VIX3M/VIX = 1.041 (contango — sell vol)
2026-07-30 16:51:04    BURST: trigger FIRED — deploy (VIX 20.7 vs 10d 18.3)
2026-07-30 16:51:04    VIXREG: risk-on — hold TQQQ (VIX 20.7)
2026-07-30 16:51:04  moon sleeve targets: SVXY 4.0%, UPRO 10.0%, TQQQ 10.0%
2026-07-30 16:51:05  done.
2026-07-30 19:45:13  ONCLOSE: burst on provisional close 683.68 -> quiet
2026-07-30 19:57:25  ONCLOSE: outside the 15:00-15:50 ET window (15:57 ET) — skip (morning runs cover it)
2026-07-30 20:05:40  ONCLOSE: outside the 15:00-15:50 ET window (16:05 ET) — skip (morning runs cover it)
2026-07-30 20:15:18  ONCLOSE: outside the 15:00-15:50 ET window (16:15 ET) — skip (morning runs cover it)
2026-07-31 15:49:24    VRP: VIX3M/VIX = 1.141 (contango — sell vol)
2026-07-31 15:49:25    BURST: trigger quiet — cash (VIX 17.1 vs 10d 18.3)
2026-07-31 15:49:25    VIXREG: risk-on — hold TQQQ (VIX 17.1)
2026-07-31 15:49:25  moon sleeve targets: TQQQ 14.3%, SOXL 1.7%, SVXY 4.0%
2026-07-31 15:49:26    CLOSE UPRO ($9,831)
2026-07-31 15:49:26    BUY TQQQ $4,155
2026-07-31 15:49:26  done.
2026-07-31 16:13:58    VRP: VIX3M/VIX = 1.141 (contango — sell vol)
2026-07-31 16:13:58    BURST: trigger quiet — cash (VIX 17.1 vs 10d 18.3)
2026-07-31 16:13:58    VIXREG: risk-on — hold TQQQ (VIX 17.1)
2026-07-31 16:13:58  moon sleeve targets: TQQQ 14.3%, SOXL 1.7%, SVXY 4.0%
2026-07-31 16:13:59  done.
2026-07-31 16:58:42    VRP: VIX3M/VIX = 1.141 (contango — sell vol)
2026-07-31 16:58:42    BURST: trigger quiet — cash (VIX 17.1 vs 10d 18.3)
2026-07-31 16:58:42    VIXREG: risk-on — hold TQQQ (VIX 17.1)
2026-07-31 16:58:42  moon sleeve targets: TQQQ 14.3%, SOXL 1.7%, SVXY 4.0%
2026-07-31 16:58:44  done.
2026-07-31 19:46:53  ONCLOSE: burst on provisional close 690.30 -> quiet
2026-07-31 19:58:35  ONCLOSE: outside the 15:00-15:50 ET window (15:58 ET) — skip (morning runs cover it)
2026-07-31 20:07:54  ONCLOSE: outside the 15:00-15:50 ET window (16:07 ET) — skip (morning runs cover it)
2026-07-31 20:21:16  ONCLOSE: outside the 15:00-15:50 ET window (16:21 ET) — skip (morning runs cover it)
2026-08-01 14:48:51    VRP: VIX3M/VIX = 1.189 (contango — sell vol)
2026-08-01 14:48:51    BURST: trigger quiet — cash (VIX 16.0 vs 10d 18.0)
2026-08-01 14:48:52    VIXREG: risk-on — hold TQQQ (VIX 16.0)
2026-08-01 14:48:52  moon sleeve targets: TQQQ 14.3%, SOXL 1.7%, SVXY 4.0%
2026-08-01 14:48:53  done.
2026-08-01 15:31:48    VRP: VIX3M/VIX = 1.189 (contango — sell vol)
2026-08-01 15:31:49    BURST: trigger quiet — cash (VIX 16.0 vs 10d 18.0)
2026-08-01 15:31:49    VIXREG: risk-on — hold TQQQ (VIX 16.0)
2026-08-01 15:31:49  moon sleeve targets: TQQQ 14.3%, SOXL 1.7%, SVXY 4.0%
2026-08-01 15:31:50  done.
2026-08-01 16:14:23    VRP: VIX3M/VIX = 1.189 (contango — sell vol)
2026-08-01 16:14:23    BURST: trigger quiet — cash (VIX 16.0 vs 10d 18.0)
2026-08-01 16:14:24    VIXREG: risk-on — hold TQQQ (VIX 16.0)
2026-08-01 16:14:24  moon sleeve targets: TQQQ 14.3%, SOXL 1.7%, SVXY 4.0%
2026-08-01 16:14:25  done.
2026-08-02 14:51:28    VRP: VIX3M/VIX = 1.189 (contango — sell vol)
2026-08-02 14:51:29    BURST: trigger quiet — cash (VIX 16.0 vs 10d 18.0)
2026-08-02 14:51:29    VIXREG: risk-on — hold TQQQ (VIX 16.0)
2026-08-02 14:51:29  moon sleeve targets: TQQQ 14.3%, SOXL 1.7%, SVXY 4.0%
2026-08-02 14:51:30  done.
2026-08-02 15:31:16    VRP: VIX3M/VIX = 1.189 (contango — sell vol)
2026-08-02 15:31:16    BURST: trigger quiet — cash (VIX 16.0 vs 10d 18.0)
2026-08-02 15:31:16    VIXREG: risk-on — hold TQQQ (VIX 16.0)
2026-08-02 15:31:16  moon sleeve targets: TQQQ 14.3%, SOXL 1.7%, SVXY 4.0%
2026-08-02 15:31:17  done.
2026-08-02 16:14:11    VRP: VIX3M/VIX = 1.189 (contango — sell vol)
2026-08-02 16:14:12    BURST: trigger quiet — cash (VIX 16.0 vs 10d 18.0)
2026-08-02 16:14:12    VIXREG: risk-on — hold TQQQ (VIX 16.0)
2026-08-02 16:14:12  moon sleeve targets: TQQQ 14.3%, SOXL 1.7%, SVXY 4.0%
2026-08-02 16:14:13  done.
2026-08-03 16:10:42    VRP: VIX3M/VIX = 1.189 (contango — sell vol)
2026-08-03 16:10:42    BURST: trigger quiet — cash (VIX 16.0 vs 10d 18.0)
2026-08-03 16:10:43    VIXREG: risk-on — hold TQQQ (VIX 16.0)
2026-08-03 16:10:43  moon sleeve targets: TQQQ 14.3%, SOXL 1.7%, SVXY 4.0%
2026-08-03 16:10:44  done.
2026-08-03 16:42:41    VRP: VIX3M/VIX = 1.189 (contango — sell vol)
2026-08-03 16:42:41    BURST: trigger quiet — cash (VIX 16.0 vs 10d 18.0)
2026-08-03 16:42:42    VIXREG: risk-on — hold TQQQ (VIX 16.0)
2026-08-03 16:42:42  moon sleeve targets: TQQQ 14.3%, SOXL 1.7%, SVXY 4.0%
2026-08-03 16:42:42  done.
2026-08-03 17:20:25    VRP: VIX3M/VIX = 1.189 (contango — sell vol)
2026-08-03 17:20:25    BURST: trigger quiet — cash (VIX 16.0 vs 10d 18.0)
2026-08-03 17:20:26    VIXREG: risk-on — hold TQQQ (VIX 16.0)
2026-08-03 17:20:26  moon sleeve targets: TQQQ 14.3%, SOXL 1.7%, SVXY 4.0%
2026-08-03 17:20:27  done.
2026-08-03 19:50:02  ONCLOSE: burst on provisional close 700.52 -> quiet
2026-08-03 20:03:59  ONCLOSE: outside the 15:00-15:50 ET window (16:03 ET) — skip (morning runs cover it)
2026-08-03 20:17:49  ONCLOSE: outside the 15:00-15:50 ET window (16:17 ET) — skip (morning runs cover it)
2026-08-03 20:27:25  ONCLOSE: outside the 15:00-15:50 ET window (16:27 ET) — skip (morning runs cover it)
2026-08-04 16:02:34    VRP: VIX3M/VIX = 1.194 (contango — sell vol)
2026-08-04 16:02:34    BURST: trigger quiet — cash (VIX 15.9 vs 10d 17.7)
2026-08-04 16:02:34    VIXREG: risk-on — hold TQQQ (VIX 15.9)
2026-08-04 16:02:34  moon sleeve targets: TQQQ 14.3%, SOXL 1.7%, SVXY 4.0%
2026-08-04 16:02:35  done.
2026-08-04 16:24:12    VRP: VIX3M/VIX = 1.194 (contango — sell vol)
2026-08-04 16:24:13    BURST: trigger quiet — cash (VIX 15.9 vs 10d 17.7)
2026-08-04 16:24:13    VIXREG: risk-on — hold TQQQ (VIX 15.9)
2026-08-04 16:24:13  moon sleeve targets: TQQQ 14.3%, SOXL 1.7%, SVXY 4.0%
2026-08-04 16:24:15  done.
2026-08-04 17:04:37    VRP: VIX3M/VIX = 1.194 (contango — sell vol)
2026-08-04 17:04:37    BURST: trigger quiet — cash (VIX 15.9 vs 10d 17.7)
2026-08-04 17:04:37    VIXREG: risk-on — hold TQQQ (VIX 15.9)
2026-08-04 17:04:37  moon sleeve targets: TQQQ 14.3%, SOXL 1.7%, SVXY 4.0%
2026-08-04 17:04:38  done.
2026-08-04 19:49:43  ONCLOSE: burst on provisional close 724.88 -> quiet
2026-08-04 20:12:41  ONCLOSE: outside the 15:00-15:50 ET window (16:12 ET) — skip (morning runs cover it)
2026-08-04 20:26:20  ONCLOSE: outside the 15:00-15:50 ET window (16:26 ET) — skip (morning runs cover it)
2026-08-05 15:51:16    VRP: VIX3M/VIX = 1.172 (contango — sell vol)
2026-08-05 15:51:17    BURST: trigger quiet — cash (VIX 16.5 vs 10d 17.7)
2026-08-05 15:51:17    VIXREG: risk-on — hold TQQQ (VIX 16.5)
2026-08-05 15:51:17  moon sleeve targets: TQQQ 14.3%, SOXL 1.7%, SVXY 4.0%
2026-08-05 15:51:18  done.
2026-08-05 16:12:31    VRP: VIX3M/VIX = 1.172 (contango — sell vol)
2026-08-05 16:12:31    BURST: trigger quiet — cash (VIX 16.5 vs 10d 17.7)
2026-08-05 16:12:32    VIXREG: risk-on — hold TQQQ (VIX 16.5)
2026-08-05 16:12:32  moon sleeve targets: TQQQ 14.3%, SOXL 1.7%, SVXY 4.0%
2026-08-05 16:12:32  done.
2026-08-05 16:54:13    VRP: VIX3M/VIX = 1.172 (contango — sell vol)
2026-08-05 16:54:13    BURST: trigger quiet — cash (VIX 16.5 vs 10d 17.7)
2026-08-05 16:54:13    VIXREG: risk-on — hold TQQQ (VIX 16.5)
2026-08-05 16:54:13  moon sleeve targets: TQQQ 14.3%, SOXL 1.7%, SVXY 4.0%
2026-08-05 16:54:14  done.
2026-08-05 19:48:58  ONCLOSE: burst on provisional close 719.60 -> quiet
2026-08-05 20:00:34  ONCLOSE: outside the 15:00-15:50 ET window (16:00 ET) — skip (morning runs cover it)
2026-08-05 20:13:58  ONCLOSE: outside the 15:00-15:50 ET window (16:13 ET) — skip (morning runs cover it)
2026-08-05 20:27:14  ONCLOSE: outside the 15:00-15:50 ET window (16:27 ET) — skip (morning runs cover it)
2026-08-06 16:00:03    VRP: VIX3M/VIX = 1.199 (contango — sell vol)
2026-08-06 16:00:04    BURST: trigger quiet — cash (VIX 15.8 vs 10d 17.6)
2026-08-06 16:00:05    VIXREG: risk-on — hold TQQQ (VIX 15.8)
2026-08-06 16:00:05  moon sleeve targets: TQQQ 14.3%, SOXL 1.7%, SVXY 4.0%
2026-08-06 16:00:06  done.
2026-08-07 00:11:14  ONCLOSE: outside the 15:00-15:50 ET window (20:11 ET) — skip (morning runs cover it)
2026-08-07 00:20:09  ONCLOSE: outside the 15:00-15:50 ET window (20:20 ET) — skip (morning runs cover it)
2026-08-07 00:30:27  ONCLOSE: outside the 15:00-15:50 ET window (20:30 ET) — skip (morning runs cover it)
2026-08-07 00:40:43  ONCLOSE: outside the 15:00-15:50 ET window (20:40 ET) — skip (morning runs cover it)
2026-08-07 14:41:52    VRP: VIX3M/VIX = 1.234 (contango — sell vol)
2026-08-07 14:41:52    BURST: trigger FIRED — deploy (VIX 15.1 vs 10d 17.3)
2026-08-07 14:41:53    VIXREG: risk-on — hold TQQQ (VIX 15.1)
2026-08-07 14:41:53  moon sleeve targets: TQQQ 14.3%, SOXL 1.7%, SVXY 4.0%, UPRO 10.0%
2026-08-07 14:41:54    BUY UPRO $10,343
2026-08-07 14:41:54  done.
2026-08-07 15:11:55    VRP: VIX3M/VIX = 1.234 (contango — sell vol)
2026-08-07 15:11:55    BURST: trigger FIRED — deploy (VIX 15.1 vs 10d 17.3)
2026-08-07 15:11:56    VIXREG: risk-on — hold TQQQ (VIX 15.1)
2026-08-07 15:11:56  moon sleeve targets: TQQQ 14.3%, SOXL 1.7%, SVXY 4.0%, UPRO 10.0%
2026-08-07 15:11:57  done.
2026-08-07 16:09:38    VRP: VIX3M/VIX = 1.234 (contango — sell vol)
2026-08-07 16:09:38    BURST: trigger FIRED — deploy (VIX 15.1 vs 10d 17.3)
2026-08-07 16:09:39    VIXREG: risk-on — hold TQQQ (VIX 15.1)
2026-08-07 16:09:39  moon sleeve targets: TQQQ 14.3%, SOXL 1.7%, SVXY 4.0%, UPRO 10.0%
2026-08-07 16:09:40  done.
2026-08-07 19:09:12  ONCLOSE: burst on provisional close 721.74 -> quiet
2026-08-07 19:25:38  ONCLOSE: burst on provisional close 722.13 -> quiet
2026-08-07 19:38:10  ONCLOSE: burst on provisional close 722.00 -> quiet
2026-08-07 19:53:01  ONCLOSE: outside the 15:00-15:50 ET window (15:53 ET) — skip (morning runs cover it)
2026-08-08 14:19:09    VRP: VIX3M/VIX = 1.256 (contango — sell vol)
2026-08-08 14:19:09    BURST: trigger quiet — cash (VIX 14.9 vs 10d 16.9)
2026-08-08 14:19:09    VIXREG: risk-on — hold TQQQ (VIX 14.9)
2026-08-08 14:19:09  moon sleeve targets: TQQQ 14.3%, SOXL 1.7%, SVXY 4.0%
2026-08-08 14:19:10    skip close UPRO (stock market closed; crypto leg still trades)
2026-08-08 14:19:10  done.
2026-08-08 14:52:32    VRP: VIX3M/VIX = 1.256 (contango — sell vol)
2026-08-08 14:52:32    BURST: trigger quiet — cash (VIX 14.9 vs 10d 16.9)
2026-08-08 14:52:32    VIXREG: risk-on — hold TQQQ (VIX 14.9)
2026-08-08 14:52:32  moon sleeve targets: TQQQ 14.3%, SOXL 1.7%, SVXY 4.0%
2026-08-08 14:52:33    skip close UPRO (stock market closed; crypto leg still trades)
2026-08-08 14:52:33  done.
2026-08-08 15:47:37    VRP: VIX3M/VIX = 1.256 (contango — sell vol)
2026-08-08 15:47:37    BURST: trigger quiet — cash (VIX 14.9 vs 10d 16.9)
2026-08-08 15:47:37    VIXREG: risk-on — hold TQQQ (VIX 14.9)
2026-08-08 15:47:37  moon sleeve targets: TQQQ 14.3%, SOXL 1.7%, SVXY 4.0%
2026-08-08 15:47:38    skip close UPRO (stock market closed; crypto leg still trades)
2026-08-08 15:47:38  done.
2026-08-09 14:21:05    VRP: VIX3M/VIX = 1.256 (contango — sell vol)
2026-08-09 14:21:06    BURST: trigger quiet — cash (VIX 14.9 vs 10d 16.9)
2026-08-09 14:21:06    VIXREG: risk-on — hold TQQQ (VIX 14.9)
2026-08-09 14:21:06  moon sleeve targets: TQQQ 14.3%, SOXL 1.7%, SVXY 4.0%
2026-08-09 14:21:08    skip close UPRO (stock market closed; crypto leg still trades)
2026-08-09 14:21:08  done.
2026-08-09 14:55:40    VRP: VIX3M/VIX = 1.256 (contango — sell vol)
2026-08-09 14:55:40    BURST: trigger quiet — cash (VIX 14.9 vs 10d 16.9)
2026-08-09 14:55:40    VIXREG: risk-on — hold TQQQ (VIX 14.9)
2026-08-09 14:55:40  moon sleeve targets: TQQQ 14.3%, SOXL 1.7%, SVXY 4.0%
2026-08-09 14:55:41    skip close UPRO (stock market closed; crypto leg still trades)
2026-08-09 14:55:41  done.
2026-08-09 15:48:16    VRP: VIX3M/VIX = 1.256 (contango — sell vol)
2026-08-09 15:48:16    BURST: trigger quiet — cash (VIX 14.9 vs 10d 16.9)
2026-08-09 15:48:17    VIXREG: risk-on — hold TQQQ (VIX 14.9)
2026-08-09 15:48:17  moon sleeve targets: TQQQ 14.3%, SOXL 1.7%, SVXY 4.0%
2026-08-09 15:48:19    skip close UPRO (stock market closed; crypto leg still trades)
2026-08-09 15:48:19  done.
2026-08-10 14:46:19    VRP: VIX3M/VIX = 1.256 (contango — sell vol)
2026-08-10 14:46:20    BURST: trigger quiet — cash (VIX 14.9 vs 10d 16.9)
2026-08-10 14:46:20    VIXREG: risk-on — hold TQQQ (VIX 14.9)
2026-08-10 14:46:20  moon sleeve targets: TQQQ 14.3%, SOXL 1.7%, SVXY 4.0%
2026-08-10 14:46:21    CLOSE UPRO ($10,448)
2026-08-10 14:46:21  done.
2026-08-10 15:26:23    VRP: VIX3M/VIX = 1.256 (contango — sell vol)
2026-08-10 15:26:24    BURST: trigger quiet — cash (VIX 14.9 vs 10d 16.9)
2026-08-10 15:26:24    VIXREG: risk-on — hold TQQQ (VIX 14.9)
2026-08-10 15:26:24  moon sleeve targets: TQQQ 14.3%, SOXL 1.7%, SVXY 4.0%
2026-08-10 15:26:25  done.
2026-08-10 16:10:05    VRP: VIX3M/VIX = 1.256 (contango — sell vol)
2026-08-10 16:10:05    BURST: trigger quiet — cash (VIX 14.9 vs 10d 16.9)
2026-08-10 16:10:06    VIXREG: risk-on — hold TQQQ (VIX 14.9)
2026-08-10 16:10:06  moon sleeve targets: TQQQ 14.3%, SOXL 1.7%, SVXY 4.0%
2026-08-10 16:10:07  done.
2026-08-10 19:09:33  ONCLOSE: burst on provisional close 721.90 -> quiet
2026-08-10 19:26:13  ONCLOSE: burst on provisional close 722.01 -> quiet
2026-08-10 19:41:21  ONCLOSE: burst on provisional close 721.69 -> quiet
2026-08-10 19:55:23  ONCLOSE: outside the 15:00-15:50 ET window (15:55 ET) — skip (morning runs cover it)
2026-08-11 14:46:20    VRP: VIX3M/VIX = 1.228 (contango — sell vol)
2026-08-11 14:46:20    BURST: trigger quiet — cash (VIX 15.5 vs 10d 16.6)
2026-08-11 14:46:20    VIXREG: risk-on — hold TQQQ (VIX 15.5)
2026-08-11 14:46:20  moon sleeve targets: TQQQ 14.3%, SOXL 1.7%, SVXY 4.0%
2026-08-11 14:46:21  done.
2026-08-11 15:18:01    VRP: VIX3M/VIX = 1.228 (contango — sell vol)
2026-08-11 15:18:02    BURST: trigger quiet — cash (VIX 15.5 vs 10d 16.6)
2026-08-11 15:18:02    VIXREG: risk-on — hold TQQQ (VIX 15.5)
2026-08-11 15:18:02  moon sleeve targets: TQQQ 14.3%, SOXL 1.7%, SVXY 4.0%
2026-08-11 15:18:04  done.
2026-08-11 16:11:52    VRP: VIX3M/VIX = 1.228 (contango — sell vol)
2026-08-11 16:11:53    BURST: trigger quiet — cash (VIX 15.5 vs 10d 16.6)
2026-08-11 16:11:53    VIXREG: risk-on — hold TQQQ (VIX 15.5)
2026-08-11 16:11:53  moon sleeve targets: TQQQ 14.3%, SOXL 1.7%, SVXY 4.0%
2026-08-11 16:11:55  done.
2026-08-11 19:14:56  ONCLOSE: burst on provisional close 717.62 -> FIRED
2026-08-11 19:14:56  ONCLOSE: BUY 67 UPRO at the close (~$10,254, CLS)
2026-08-11 19:30:26  ONCLOSE: burst on provisional close 718.26 -> FIRED
2026-08-11 19:30:26  ONCLOSE: BUY 67 UPRO at the close (~$10,277, CLS)
2026-08-11 19:30:26  ONCLOSE: already submitted today — skipped
2026-08-11 19:45:17  ONCLOSE: burst on provisional close 718.24 -> FIRED
2026-08-11 19:45:17  ONCLOSE: BUY 67 UPRO at the close (~$10,298, CLS)
2026-08-11 19:45:17  ONCLOSE: already submitted today — skipped
2026-08-11 20:00:16  ONCLOSE: outside the 15:00-15:50 ET window (16:00 ET) — skip (morning runs cover it)
2026-08-12 14:46:30    VRP: VIX3M/VIX = 1.238 (contango — sell vol)
2026-08-12 14:46:31    BURST: trigger FIRED — deploy (VIX 15.3 vs 10d 16.3)
2026-08-12 14:46:31    VIXREG: risk-on — hold TQQQ (VIX 15.3)
2026-08-12 14:46:31  moon sleeve targets: TQQQ 14.3%, SOXL 1.7%, SVXY 4.0%, UPRO 10.0%
2026-08-12 14:46:32    BUY UPRO $10,467
2026-08-12 14:46:32  done.
2026-08-12 15:17:36    VRP: VIX3M/VIX = 1.238 (contango — sell vol)
2026-08-12 15:17:36    BURST: trigger FIRED — deploy (VIX 15.3 vs 10d 16.3)
2026-08-12 15:17:37    VIXREG: risk-on — hold TQQQ (VIX 15.3)
2026-08-12 15:17:37  moon sleeve targets: TQQQ 14.3%, SOXL 1.7%, SVXY 4.0%, UPRO 10.0%
2026-08-12 15:17:39  done.
2026-08-12 16:10:57    VRP: VIX3M/VIX = 1.238 (contango — sell vol)
2026-08-12 16:10:57    BURST: trigger FIRED — deploy (VIX 15.3 vs 10d 16.3)
2026-08-12 16:10:58    VIXREG: risk-on — hold TQQQ (VIX 15.3)
2026-08-12 16:10:58  moon sleeve targets: TQQQ 14.3%, SOXL 1.7%, SVXY 4.0%, UPRO 10.0%
2026-08-12 16:10:58  done.
2026-08-12 19:14:54  ONCLOSE: burst on provisional close 724.39 -> quiet
2026-08-12 19:31:43  ONCLOSE: burst on provisional close 723.94 -> quiet
2026-08-12 19:46:48  ONCLOSE: burst on provisional close 723.49 -> quiet
2026-08-12 20:00:45  ONCLOSE: outside the 15:00-15:50 ET window (16:00 ET) — skip (morning runs cover it)
2026-08-13 14:47:32    VRP: VIX3M/VIX = 1.274 (contango — sell vol)
2026-08-13 14:47:33    BURST: trigger quiet — cash (VIX 14.6 vs 10d 16.1)
2026-08-13 14:47:33    VIXREG: risk-on — hold TQQQ (VIX 14.6)
2026-08-13 14:47:33  moon sleeve targets: TQQQ 14.3%, SOXL 1.7%, SVXY 4.0%
2026-08-13 14:47:34    CLOSE UPRO ($10,671)
2026-08-13 14:47:34  done.
2026-08-13 15:18:05    VRP: VIX3M/VIX = 1.274 (contango — sell vol)
2026-08-13 15:18:06    BURST: trigger quiet — cash (VIX 14.6 vs 10d 16.1)
2026-08-13 15:18:06    VIXREG: risk-on — hold TQQQ (VIX 14.6)
2026-08-13 15:18:06  moon sleeve targets: TQQQ 14.3%, SOXL 1.7%, SVXY 4.0%
2026-08-13 15:18:07  done.
2026-08-13 16:10:55    VRP: VIX3M/VIX = 1.274 (contango — sell vol)
2026-08-13 16:10:56    BURST: trigger quiet — cash (VIX 14.6 vs 10d 15.7)
2026-08-13 16:10:56    VIXREG: risk-on — hold TQQQ (VIX 14.6)
2026-08-13 16:10:56  moon sleeve targets: TQQQ 14.3%, SOXL 1.7%, SVXY 4.0%
2026-08-13 16:10:56  done.
2026-08-13 19:15:27  ONCLOSE: burst on provisional close 732.93 -> quiet
2026-08-13 19:30:30  ONCLOSE: burst on provisional close 732.76 -> quiet
2026-08-13 19:43:20  ONCLOSE: burst on provisional close 732.41 -> quiet
2026-08-13 19:55:44  ONCLOSE: outside the 15:00-15:50 ET window (15:55 ET) — skip (morning runs cover it)
2026-08-14 14:42:05    VRP: VIX3M/VIX = 1.272 (contango — sell vol)
2026-08-14 14:42:05    BURST: trigger quiet — cash (VIX 14.6 vs 10d 15.4)
2026-08-14 14:42:05    VIXREG: risk-on — hold TQQQ (VIX 14.6)
2026-08-14 14:42:05  moon sleeve targets: TQQQ 14.3%, SOXL 1.7%, SVXY 4.0%
2026-08-14 14:42:06  done.
2026-08-14 15:09:43    VRP: VIX3M/VIX = 1.272 (contango — sell vol)
2026-08-14 15:09:43    BURST: trigger quiet — cash (VIX 14.6 vs 10d 15.4)
2026-08-14 15:09:44    VIXREG: risk-on — hold TQQQ (VIX 14.6)
2026-08-14 15:09:44  moon sleeve targets: TQQQ 14.3%, SOXL 1.7%, SVXY 4.0%
2026-08-14 15:09:45  done.
2026-08-14 16:07:02    VRP: VIX3M/VIX = 1.272 (contango — sell vol)
2026-08-14 16:07:02    BURST: trigger quiet — cash (VIX 14.6 vs 10d 15.4)
2026-08-14 16:07:03    VIXREG: risk-on — hold TQQQ (VIX 14.6)
2026-08-14 16:07:03  moon sleeve targets: TQQQ 14.3%, SOXL 1.7%, SVXY 4.0%
2026-08-14 16:07:05  done.
2026-08-14 19:06:52  ONCLOSE: burst on provisional close 729.45 -> quiet
2026-08-14 19:23:45  ONCLOSE: burst on provisional close 729.60 -> quiet
2026-08-14 19:36:11  ONCLOSE: burst on provisional close 730.08 -> quiet
2026-08-14 19:49:19  ONCLOSE: burst on provisional close 730.22 -> quiet
2026-08-15 14:02:38    VRP: VIX3M/VIX = 1.295 (contango — sell vol)
2026-08-15 14:02:38    BURST: trigger quiet — cash (VIX 14.2 vs 10d 15.2)
2026-08-15 14:02:39    VIXREG: risk-on — hold TQQQ (VIX 14.2)
2026-08-15 14:02:39  moon sleeve targets: TQQQ 14.3%, SOXL 1.7%, SVXY 4.0%
2026-08-15 14:02:40  done.
2026-08-15 14:42:25    VRP: VIX3M/VIX = 1.295 (contango — sell vol)
2026-08-15 14:42:26    BURST: trigger quiet — cash (VIX 14.2 vs 10d 15.2)
2026-08-15 14:42:26    VIXREG: risk-on — hold TQQQ (VIX 14.2)
2026-08-15 14:42:26  moon sleeve targets: TQQQ 14.3%, SOXL 1.7%, SVXY 4.0%
2026-08-15 14:42:27  done.
2026-08-15 15:36:32    VRP: VIX3M/VIX = 1.295 (contango — sell vol)
2026-08-15 15:36:32    BURST: trigger quiet — cash (VIX 14.2 vs 10d 15.2)
2026-08-15 15:36:32    VIXREG: risk-on — hold TQQQ (VIX 14.2)
2026-08-15 15:36:32  moon sleeve targets: TQQQ 14.3%, SOXL 1.7%, SVXY 4.0%
2026-08-15 15:36:34  done.
2026-08-16 14:06:31    VRP: VIX3M/VIX = 1.295 (contango — sell vol)
2026-08-16 14:06:31    BURST: trigger quiet — cash (VIX 14.2 vs 10d 15.2)
2026-08-16 14:06:32    VIXREG: risk-on — hold TQQQ (VIX 14.2)
2026-08-16 14:06:32  moon sleeve targets: TQQQ 14.3%, SOXL 1.7%, SVXY 4.0%
2026-08-16 14:06:33  done.
2026-08-16 14:42:42    VRP: VIX3M/VIX = 1.295 (contango — sell vol)
2026-08-16 14:42:42    BURST: trigger quiet — cash (VIX 14.2 vs 10d 15.2)
2026-08-16 14:42:42    VIXREG: risk-on — hold TQQQ (VIX 14.2)
2026-08-16 14:42:42  moon sleeve targets: TQQQ 14.3%, SOXL 1.7%, SVXY 4.0%
2026-08-16 14:42:43  done.
2026-08-16 15:37:56    VRP: VIX3M/VIX = 1.295 (contango — sell vol)
2026-08-16 15:37:56    BURST: trigger quiet — cash (VIX 14.2 vs 10d 15.2)
2026-08-16 15:37:56    VIXREG: risk-on — hold TQQQ (VIX 14.2)
2026-08-16 15:37:56  moon sleeve targets: TQQQ 14.3%, SOXL 1.7%, SVXY 4.0%
2026-08-16 15:37:57  done.
2026-08-17 14:13:32    VRP: VIX3M/VIX = 1.295 (contango — sell vol)
2026-08-17 14:13:33    BURST: trigger quiet — cash (VIX 14.2 vs 10d 15.2)
2026-08-17 14:13:33    VIXREG: risk-on — hold TQQQ (VIX 14.2)
2026-08-17 14:13:33  moon sleeve targets: TQQQ 14.3%, SOXL 1.7%, SVXY 4.0%
2026-08-17 14:13:34  done.
2026-08-17 14:48:03    VRP: VIX3M/VIX = 1.295 (contango — sell vol)
2026-08-17 14:48:03    BURST: trigger quiet — cash (VIX 14.2 vs 10d 15.2)
2026-08-17 14:48:04    VIXREG: risk-on — hold TQQQ (VIX 14.2)
2026-08-17 14:48:04  moon sleeve targets: TQQQ 14.3%, SOXL 1.7%, SVXY 4.0%
2026-08-17 14:48:04  done.
2026-08-17 15:42:40    VRP: VIX3M/VIX = 1.295 (contango — sell vol)
2026-08-17 15:42:40    BURST: trigger quiet — cash (VIX 14.2 vs 10d 15.2)
2026-08-17 15:42:40    VIXREG: risk-on — hold TQQQ (VIX 14.2)
2026-08-17 15:42:40  moon sleeve targets: TQQQ 14.3%, SOXL 1.7%, SVXY 4.0%
2026-08-17 15:42:41  done.
2026-08-17 18:52:26  ONCLOSE: outside the 15:00-15:50 ET window (14:52 ET) — skip (morning runs cover it)
2026-08-17 19:03:36  ONCLOSE: burst on provisional close 730.41 -> FIRED
2026-08-17 19:03:37  ONCLOSE: BUY 68 UPRO at the close (~$10,541, CLS)
2026-08-17 19:15:41  ONCLOSE: burst on provisional close 729.78 -> FIRED
2026-08-17 19:15:41  ONCLOSE: BUY 67 UPRO at the close (~$10,386, CLS)
2026-08-17 19:15:41  ONCLOSE: already submitted today — skipped
2026-08-17 19:28:53  ONCLOSE: burst on provisional close 730.15 -> FIRED
2026-08-17 19:28:53  ONCLOSE: BUY 68 UPRO at the close (~$10,541, CLS)
2026-08-17 19:28:53  ONCLOSE: already submitted today — skipped
2026-08-18 14:18:14    VRP: VIX data missing/stale — FROZEN
2026-08-18 14:18:15    BURST: trigger FIRED — deploy
2026-08-18 14:18:15    VIXREG: risk-on — hold TQQQ (VIX 14.2)
2026-08-18 14:18:15    FROZEN this run (data outage — positions untouched): ['SVXY']
2026-08-18 14:18:15  moon sleeve targets: TQQQ 14.3%, SOXL 1.7%, UPRO 10.0%
2026-08-18 14:18:16    BUY UPRO $10,370
2026-08-18 14:18:16  done.
2026-08-18 14:56:00    VRP: VIX data missing/stale — FROZEN
2026-08-18 14:56:00    BURST: trigger FIRED — deploy
2026-08-18 14:56:01    VIXREG: risk-on — hold TQQQ (VIX 14.2)
2026-08-18 14:56:01    FROZEN this run (data outage — positions untouched): ['SVXY']
2026-08-18 14:56:01  moon sleeve targets: TQQQ 14.3%, SOXL 1.7%, UPRO 10.0%
2026-08-18 14:56:01  done.
2026-08-18 15:47:47    VRP: VIX3M/VIX = 1.253 (contango — sell vol)
2026-08-18 15:47:48    BURST: trigger FIRED — deploy (VIX 15.2 vs 10d 15.2)
2026-08-18 15:47:48    VIXREG: risk-on — hold TQQQ (VIX 15.2)
2026-08-18 15:47:48  moon sleeve targets: TQQQ 14.3%, SOXL 1.7%, SVXY 4.0%, UPRO 10.0%
2026-08-18 15:47:49  done.
2026-08-18 18:51:18  ONCLOSE: outside the 15:00-15:50 ET window (14:51 ET) — skip (morning runs cover it)
2026-08-18 19:02:50  ONCLOSE: burst on provisional close 717.47 -> FIRED
2026-08-18 19:02:50  ONCLOSE: burst position already on — nothing to do
2026-08-18 19:15:49  ONCLOSE: burst on provisional close 717.31 -> FIRED
2026-08-18 19:15:50  ONCLOSE: burst position already on — nothing to do
2026-08-18 19:28:17  ONCLOSE: burst on provisional close 717.97 -> FIRED
2026-08-18 19:28:17  ONCLOSE: burst position already on — nothing to do
2026-08-19 14:18:56    VRP: VIX3M/VIX = 1.217 (contango — sell vol)
2026-08-19 14:18:56    BURST: trigger FIRED — deploy (VIX 15.8 vs 10d 15.1)
2026-08-19 14:18:56    VIXREG: risk-on — hold TQQQ (VIX 15.8)
2026-08-19 14:18:56  moon sleeve targets: TQQQ 14.3%, SOXL 1.7%, SVXY 4.0%, UPRO 10.0%
2026-08-19 14:18:57  done.
2026-08-19 14:56:17    VRP: VIX3M/VIX = 1.217 (contango — sell vol)
2026-08-19 14:56:17    BURST: trigger FIRED — deploy (VIX 15.8 vs 10d 15.1)
2026-08-19 14:56:18    VIXREG: risk-on — hold TQQQ (VIX 15.8)
2026-08-19 14:56:18  moon sleeve targets: TQQQ 14.3%, SOXL 1.7%, SVXY 4.0%, UPRO 10.0%
2026-08-19 14:56:19  done.
2026-08-19 15:47:26    VRP: VIX3M/VIX = 1.217 (contango — sell vol)
2026-08-19 15:47:26    BURST: trigger FIRED — deploy (VIX 15.8 vs 10d 15.1)
2026-08-19 15:47:26    VIXREG: risk-on — hold TQQQ (VIX 15.8)
2026-08-19 15:47:26  moon sleeve targets: TQQQ 14.3%, SOXL 1.7%, SVXY 4.0%, UPRO 10.0%
2026-08-19 15:47:27  done.
2026-08-19 18:48:13  ONCLOSE: outside the 15:00-15:50 ET window (14:48 ET) — skip (morning runs cover it)
2026-08-19 18:57:56  ONCLOSE: outside the 15:00-15:50 ET window (14:57 ET) — skip (morning runs cover it)
2026-08-19 19:06:47  ONCLOSE: burst on provisional close 716.49 -> FIRED
2026-08-19 19:06:47  ONCLOSE: burst position already on — nothing to do
2026-08-19 19:26:16  ONCLOSE: burst on provisional close 717.30 -> FIRED
2026-08-19 19:26:16  ONCLOSE: burst position already on — nothing to do
2026-08-20 14:22:22    VRP: VIX3M/VIX = 1.247 (contango — sell vol)
2026-08-20 14:22:23    BURST: trigger FIRED — deploy (VIX 14.9 vs 10d 15.0)
2026-08-20 14:22:24    VIXREG: risk-on — hold TQQQ (VIX 14.9)
2026-08-20 14:22:24  moon sleeve targets: BTC/USD 6.4%, ETH/USD 3.6%, TQQQ 14.3%, SOXL 1.7%, SVXY 4.0%, UPRO 10.0%
2026-08-20 14:22:25    BUY BTC/USD $6,566
2026-08-20 14:22:25    BUY ETH/USD $3,747
2026-08-20 14:22:25  done.
2026-08-20 14:58:10    VRP: VIX3M/VIX = 1.247 (contango — sell vol)
2026-08-20 14:58:10    BURST: trigger FIRED — deploy (VIX 14.9 vs 10d 15.0)
2026-08-20 14:58:11    VIXREG: risk-on — hold TQQQ (VIX 14.9)
2026-08-20 14:58:11  moon sleeve targets: BTC/USD 6.4%, ETH/USD 3.6%, TQQQ 14.3%, SOXL 1.7%, SVXY 4.0%, UPRO 10.0%
2026-08-20 14:58:12  done.
2026-08-20 15:49:56    VRP: VIX3M/VIX = 1.247 (contango — sell vol)
2026-08-20 15:49:56    BURST: trigger FIRED — deploy (VIX 14.9 vs 10d 15.0)
2026-08-20 15:49:56    VIXREG: risk-on — hold TQQQ (VIX 14.9)
2026-08-20 15:49:56  moon sleeve targets: BTC/USD 6.4%, ETH/USD 3.6%, TQQQ 14.3%, SOXL 1.7%, SVXY 4.0%, UPRO 10.0%
2026-08-20 15:49:57  done.
2026-08-20 18:53:29  ONCLOSE: outside the 15:00-15:50 ET window (14:53 ET) — skip (morning runs cover it)
2026-08-20 19:06:35  ONCLOSE: burst on provisional close 710.45 -> FIRED
2026-08-20 19:06:35  ONCLOSE: burst position already on — nothing to do
2026-08-20 19:18:06  ONCLOSE: burst on provisional close 710.26 -> FIRED
2026-08-20 19:18:06  ONCLOSE: burst position already on — nothing to do
2026-08-20 19:32:00  ONCLOSE: burst on provisional close 710.80 -> FIRED
2026-08-20 19:32:00  ONCLOSE: burst position already on — nothing to do
2026-08-21 14:20:34    VRP: VIX3M/VIX = 1.191 (contango — sell vol)
2026-08-21 14:20:35    BURST: trigger FIRED — deploy (VIX 16.0 vs 10d 15.1)
2026-08-21 14:20:36    VIXREG: risk-on — hold TQQQ (VIX 16.0)
2026-08-21 14:20:36  moon sleeve targets: BTC/USD 6.2%, ETH/USD 3.8%, TQQQ 14.3%, SOXL 1.7%, SVXY 4.0%, UPRO 10.0%
2026-08-21 14:20:38  done.
2026-08-21 14:56:35    VRP: VIX3M/VIX = 1.191 (contango — sell vol)
2026-08-21 14:56:35    BURST: trigger FIRED — deploy (VIX 16.0 vs 10d 15.1)
2026-08-21 14:56:35    VIXREG: risk-on — hold TQQQ (VIX 16.0)
2026-08-21 14:56:35  moon sleeve targets: BTC/USD 6.2%, ETH/USD 3.8%, TQQQ 14.3%, SOXL 1.7%, SVXY 4.0%, UPRO 10.0%
2026-08-21 14:56:36  done.
2026-08-21 15:49:45    VRP: VIX3M/VIX = 1.191 (contango — sell vol)
2026-08-21 15:49:45    BURST: trigger FIRED — deploy (VIX 16.0 vs 10d 15.1)
2026-08-21 15:49:46    VIXREG: risk-on — hold TQQQ (VIX 16.0)
2026-08-21 15:49:46  moon sleeve targets: BTC/USD 6.2%, ETH/USD 3.8%, TQQQ 14.3%, SOXL 1.7%, SVXY 4.0%, UPRO 10.0%
2026-08-21 15:49:47  done.
2026-08-21 18:50:30  ONCLOSE: outside the 15:00-15:50 ET window (14:50 ET) — skip (morning runs cover it)
2026-08-21 19:02:42  ONCLOSE: burst on provisional close 713.78 -> quiet
2026-08-21 19:13:30  ONCLOSE: burst on provisional close 713.25 -> quiet
2026-08-21 19:26:24  ONCLOSE: burst on provisional close 713.47 -> quiet
2026-08-22 14:02:17    VRP: VIX3M/VIX = 1.223 (contango — sell vol)
2026-08-22 14:02:17    BURST: trigger quiet — cash (VIX 15.1 vs 10d 15.1)
2026-08-22 14:02:18    VIXREG: risk-on — hold TQQQ (VIX 15.1)
2026-08-22 14:02:18  moon sleeve targets: BTC/USD 6.1%, ETH/USD 3.9%, TQQQ 14.3%, SOXL 1.7%, SVXY 4.0%
2026-08-22 14:02:19    skip close UPRO (stock market closed; crypto leg still trades)
2026-08-22 14:02:19  done.
2026-08-22 14:42:07    VRP: VIX3M/VIX = 1.223 (contango — sell vol)
2026-08-22 14:42:07    BURST: trigger quiet — cash (VIX 15.1 vs 10d 15.1)
2026-08-22 14:42:08    VIXREG: risk-on — hold TQQQ (VIX 15.1)
2026-08-22 14:42:08  moon sleeve targets: BTC/USD 6.1%, ETH/USD 3.9%, TQQQ 14.3%, SOXL 1.7%, SVXY 4.0%
2026-08-22 14:42:09    skip close UPRO (stock market closed; crypto leg still trades)
2026-08-22 14:42:09  done.
2026-08-22 15:36:35    VRP: VIX3M/VIX = 1.223 (contango — sell vol)
2026-08-22 15:36:36    BURST: trigger quiet — cash (VIX 15.1 vs 10d 15.1)
2026-08-22 15:36:36    VIXREG: risk-on — hold TQQQ (VIX 15.1)
2026-08-22 15:36:36  moon sleeve targets: BTC/USD 6.1%, ETH/USD 3.9%, TQQQ 14.3%, SOXL 1.7%, SVXY 4.0%
2026-08-22 15:36:37    skip close UPRO (stock market closed; crypto leg still trades)
2026-08-22 15:36:37  done.
2026-08-23 14:09:19    VRP: VIX3M/VIX = 1.223 (contango — sell vol)
2026-08-23 14:09:19    BURST: trigger quiet — cash (VIX 15.1 vs 10d 15.1)
2026-08-23 14:09:19    VIXREG: risk-on — hold TQQQ (VIX 15.1)
2026-08-23 14:09:19  moon sleeve targets: BTC/USD 6.1%, ETH/USD 3.9%, TQQQ 14.3%, SOXL 1.7%, SVXY 4.0%
2026-08-23 14:09:20    skip close UPRO (stock market closed; crypto leg still trades)
2026-08-23 14:09:20  done.
2026-08-23 14:44:21    VRP: VIX3M/VIX = 1.223 (contango — sell vol)
2026-08-23 14:44:21    BURST: trigger quiet — cash (VIX 15.1 vs 10d 15.1)
2026-08-23 14:44:22    VIXREG: risk-on — hold TQQQ (VIX 15.1)
2026-08-23 14:44:22  moon sleeve targets: BTC/USD 6.1%, ETH/USD 3.9%, TQQQ 14.3%, SOXL 1.7%, SVXY 4.0%
2026-08-23 14:44:23    skip close UPRO (stock market closed; crypto leg still trades)
2026-08-23 14:44:23  done.
2026-08-23 15:39:10    VRP: VIX3M/VIX = 1.223 (contango — sell vol)
2026-08-23 15:39:10    BURST: trigger quiet — cash (VIX 15.1 vs 10d 15.1)
2026-08-23 15:39:10    VIXREG: risk-on — hold TQQQ (VIX 15.1)
2026-08-23 15:39:10  moon sleeve targets: BTC/USD 6.1%, ETH/USD 3.9%, TQQQ 14.3%, SOXL 1.7%, SVXY 4.0%
2026-08-23 15:39:11    skip close UPRO (stock market closed; crypto leg still trades)
2026-08-23 15:39:11  done.
2026-08-24 14:28:05    VRP: VIX3M/VIX = 1.223 (contango — sell vol)
2026-08-24 14:28:05    BURST: trigger quiet — cash (VIX 15.1 vs 10d 15.1)
2026-08-24 14:28:05    VIXREG: risk-on — hold TQQQ (VIX 15.1)
2026-08-24 14:28:05  moon sleeve targets: BTC/USD 6.1%, ETH/USD 3.9%, TQQQ 14.3%, SOXL 1.7%, SVXY 4.0%
2026-08-24 14:28:06    CLOSE UPRO ($10,123)
2026-08-24 14:28:06  done.
2026-08-24 15:03:59    VRP: VIX3M/VIX = 1.223 (contango — sell vol)
2026-08-24 15:03:59    BURST: trigger quiet — cash (VIX 15.1 vs 10d 15.1)
2026-08-24 15:04:00    VIXREG: risk-on — hold TQQQ (VIX 15.1)
2026-08-24 15:04:00  moon sleeve targets: BTC/USD 6.1%, ETH/USD 3.9%, TQQQ 14.3%, SOXL 1.7%, SVXY 4.0%
2026-08-24 15:04:01  done.
2026-08-24 15:57:43    VRP: VIX3M/VIX = 1.223 (contango — sell vol)
2026-08-24 15:57:44    BURST: trigger quiet — cash (VIX 15.1 vs 10d 15.1)
2026-08-24 15:57:44    VIXREG: risk-on — hold TQQQ (VIX 15.1)
2026-08-24 15:57:44  moon sleeve targets: BTC/USD 6.1%, ETH/USD 3.9%, TQQQ 14.3%, SOXL 1.7%, SVXY 4.0%
2026-08-24 15:57:45  done.
2026-08-24 18:53:08  ONCLOSE: outside the 15:00-15:50 ET window (14:53 ET) — skip (morning runs cover it)
2026-08-24 19:06:21  ONCLOSE: burst on provisional close 707.78 -> quiet
2026-08-24 19:16:57  ONCLOSE: burst on provisional close 707.40 -> quiet
2026-08-24 19:30:14  ONCLOSE: burst on provisional close 707.87 -> quiet
2026-08-25 14:30:44    VRP: VIX3M/VIX = 1.171 (contango — sell vol)
2026-08-25 14:30:44    BURST: trigger quiet — cash (VIX 15.9 vs 10d 15.2)
2026-08-25 14:30:44    VIXREG: risk-on — hold TQQQ (VIX 15.9)
2026-08-25 14:30:44  moon sleeve targets: BTC/USD 6.1%, ETH/USD 3.9%, TQQQ 14.3%, SOXL 1.7%, SVXY 4.0%
2026-08-25 14:30:45  done.
2026-08-25 15:09:07    VRP: VIX3M/VIX = 1.171 (contango — sell vol)
2026-08-25 15:09:07    BURST: trigger quiet — cash (VIX 15.9 vs 10d 15.2)
2026-08-25 15:09:07    VIXREG: risk-on — hold TQQQ (VIX 15.9)
2026-08-25 15:09:07  moon sleeve targets: BTC/USD 6.1%, ETH/USD 3.9%, TQQQ 14.3%, SOXL 1.7%, SVXY 4.0%
2026-08-25 15:09:09  done.
2026-08-25 16:02:23    VRP: VIX3M/VIX = 1.171 (contango — sell vol)
2026-08-25 16:02:24    BURST: trigger quiet — cash (VIX 15.9 vs 10d 15.2)
2026-08-25 16:02:25    VIXREG: risk-on — hold TQQQ (VIX 15.9)
2026-08-25 16:02:25  moon sleeve targets: BTC/USD 6.1%, ETH/USD 3.9%, TQQQ 14.3%, SOXL 1.7%, SVXY 4.0%
2026-08-25 16:02:26  done.
2026-08-25 18:51:46  ONCLOSE: outside the 15:00-15:50 ET window (14:51 ET) — skip (morning runs cover it)
2026-08-25 19:04:54  ONCLOSE: burst on provisional close 710.03 -> quiet
2026-08-25 19:17:18  ONCLOSE: burst on provisional close 709.58 -> quiet
2026-08-25 19:32:28  ONCLOSE: burst on provisional close 709.32 -> quiet
2026-08-26 14:29:48    VRP: VIX3M/VIX = 1.179 (contango — sell vol)
2026-08-26 14:29:49    BURST: trigger quiet — cash (VIX 15.4 vs 10d 15.2)
2026-08-26 14:29:49    VIXREG: risk-on — hold TQQQ (VIX 15.4)
2026-08-26 14:29:49  moon sleeve targets: BTC/USD 6.1%, ETH/USD 3.9%, TQQQ 14.3%, SOXL 1.7%, SVXY 4.0%
2026-08-26 14:29:50  done.
2026-08-26 15:55:07    VRP: VIX3M/VIX = 1.179 (contango — sell vol)
2026-08-26 15:55:07    BURST: trigger quiet — cash (VIX 15.4 vs 10d 15.2)
2026-08-26 15:55:08    VIXREG: risk-on — hold TQQQ (VIX 15.4)
2026-08-26 15:55:08  moon sleeve targets: BTC/USD 6.1%, ETH/USD 3.9%, TQQQ 14.3%, SOXL 1.7%, SVXY 4.0%
2026-08-26 15:55:08  done.
2026-08-26 16:34:37    VRP: VIX3M/VIX = 1.179 (contango — sell vol)
2026-08-26 16:34:37    BURST: trigger quiet — cash (VIX 15.4 vs 10d 15.2)
2026-08-26 16:34:38    VIXREG: risk-on — hold TQQQ (VIX 15.4)
2026-08-26 16:34:38  moon sleeve targets: BTC/USD 6.1%, ETH/USD 3.9%, TQQQ 14.3%, SOXL 1.7%, SVXY 4.0%
2026-08-26 16:34:39  done.
2026-08-26 19:58:36  ONCLOSE: outside the 15:00-15:50 ET window (15:58 ET) — skip (morning runs cover it)
2026-08-26 20:15:10  ONCLOSE: outside the 15:00-15:50 ET window (16:15 ET) — skip (morning runs cover it)
2026-08-26 21:13:55  ONCLOSE: outside the 15:00-15:50 ET window (17:13 ET) — skip (morning runs cover it)
